###############################################################################
#
# IAR ELF Linker V8.30.1.114/W32 for ARM                  24/Dec/2022  20:26:17
# Copyright 2007-2018 IAR Systems AB.
#
#    Output file  =  C:\Prog\TestWork\Flash Debug\Exe\RTOSDemo.out
#    Map file     =  C:\Prog\TestWork\Flash Debug\List\RTOSDemo.map
#    Command line =  
#        -f C:\Users\clw\AppData\Local\Temp\EW89A1.tmp ("C:\Prog\TestWork\Flash
#        Debug\Obj\BlockQ.o" "C:\Prog\TestWork\Flash Debug\Obj\blocktim.o"
#        "C:\Prog\TestWork\Flash Debug\Obj\countsem.o" "C:\Prog\TestWork\Flash
#        Debug\Obj\death.o" "C:\Prog\TestWork\Flash Debug\Obj\dynamic.o"
#        "C:\Prog\TestWork\Flash Debug\Obj\flash.o" "C:\Prog\TestWork\Flash
#        Debug\Obj\GenQTest.o" "C:\Prog\TestWork\Flash Debug\Obj\heap_4.o"
#        "C:\Prog\TestWork\Flash Debug\Obj\iar_stm32f407zg_sk.o"
#        "C:\Prog\TestWork\Flash Debug\Obj\integer.o" "C:\Prog\TestWork\Flash
#        Debug\Obj\list.o" "C:\Prog\TestWork\Flash Debug\Obj\main.o"
#        "C:\Prog\TestWork\Flash Debug\Obj\misc.o" "C:\Prog\TestWork\Flash
#        Debug\Obj\ParTest.o" "C:\Prog\TestWork\Flash Debug\Obj\PollQ.o"
#        "C:\Prog\TestWork\Flash Debug\Obj\port.o" "C:\Prog\TestWork\Flash
#        Debug\Obj\portasm.o" "C:\Prog\TestWork\Flash Debug\Obj\queue.o"
#        "C:\Prog\TestWork\Flash Debug\Obj\recmutex.o" "C:\Prog\TestWork\Flash
#        Debug\Obj\RegTest.o" "C:\Prog\TestWork\Flash Debug\Obj\semtest.o"
#        "C:\Prog\TestWork\Flash Debug\Obj\sp_flop.o" "C:\Prog\TestWork\Flash
#        Debug\Obj\startup_stm32f4xx.o" "C:\Prog\TestWork\Flash
#        Debug\Obj\stm32f4xx_exti.o" "C:\Prog\TestWork\Flash
#        Debug\Obj\stm32f4xx_gpio.o" "C:\Prog\TestWork\Flash
#        Debug\Obj\stm32f4xx_it.o" "C:\Prog\TestWork\Flash
#        Debug\Obj\stm32f4xx_rcc.o" "C:\Prog\TestWork\Flash
#        Debug\Obj\stm32f4xx_syscfg.o" "C:\Prog\TestWork\Flash
#        Debug\Obj\system_stm32f4xx.o" "C:\Prog\TestWork\Flash
#        Debug\Obj\tasks.o" "C:\Prog\TestWork\Flash Debug\Obj\timers.o"
#        "C:\Prog\TestWork\Flash Debug\Obj\tst.o" --redirect
#        _Printf=_PrintfLarge --redirect _Scanf=_ScanfSmall --no_out_extension
#        -o "C:\Prog\TestWork\Flash Debug\Exe\RTOSDemo.out" --map
#        "C:\Prog\TestWork\Flash Debug\List\RTOSDemo.map" --config
#        C:\Prog\TestWork\config\stm32f4xx_flash.icf --semihosting --entry
#        __iar_program_start --redirect __iar_sh_stdout=__iar_sh_stdout_swo
#        --vfe --text_out locale)
#
###############################################################################

*******************************************************************************
*** RUNTIME MODEL ATTRIBUTES
***

CppFlavor        = *
__CPP_Exceptions = Disabled
__CPP_Language   = C++14
__SystemLibrary  = DLib
__dlib_version   = 6


*******************************************************************************
*** HEAP SELECTION
***

The basic heap was selected because no calls to memory allocation
functions were found in the application outside of system library
functions, and there are calls to deallocation functions in the
application.


*******************************************************************************
*** PLACEMENT SUMMARY
***

"A0":  place at 0x800'0000 { ro section .intvec };
"P1":  place in [from 0x800'0000 to 0x80f'ffff] { ro };
define block CSTACK with size = 1K, alignment = 8 { };
define block HEAP with size = 512, alignment = 8 { };
"P2":  place in [from 0x2000'0000 to 0x2001'ffff] {
          rw, block CSTACK, block HEAP };
initialize by copy { rw };

  Section            Kind         Address     Size  Object
  -------            ----         -------     ----  ------
"A0":                                        0x188
  .intvec            ro code   0x800'0000    0x188  startup_stm32f4xx.o [1]
                             - 0x800'0188    0x188

"P1":                                       0x5bf4
  .text              ro code   0x800'0188   0x12a0  tasks.o [1]
  .text              ro code   0x800'1428    0x26c  heap_4.o [1]
  .text              ro code   0x800'1694     0x66  ABImemset.o [4]
  .text              ro code   0x800'16fa     0x9a  list.o [1]
  .text              ro code   0x800'1794    0x25c  port.o [1]
  .text              ro code   0x800'19f0    0x48c  timers.o [1]
  .text              ro code   0x800'1e7c    0x39e  main.o [1]
  .text              ro code   0x800'221a     0x3a  zero_init3.o [4]
  CODE               ro code   0x800'2254     0xb0  portasm.o [1]
  .text              ro code   0x800'2304    0xccc  queue.o [1]
  .text              ro code   0x800'2fd0      0xa  tst.o [1]
  .rodata            const     0x800'2fda      0x1  unwind_debug.o [5]
  .text              ro code   0x800'2fdc     0x7c  flash.o [1]
  .text              ro code   0x800'3058    0x3bc  sp_flop.o [1]
  .text              ro code   0x800'3414     0xbc  integer.o [1]
  .text              ro code   0x800'34d0    0x2bc  dynamic.o [1]
  .text              ro code   0x800'378c    0x23c  BlockQ.o [1]
  .text              ro code   0x800'39c8    0x520  blocktim.o [1]
  .text              ro code   0x800'3ee8    0x644  GenQTest.o [1]
  .text              ro code   0x800'452c    0x27c  recmutex.o [1]
  .text              ro code   0x800'47a8    0x128  death.o [1]
  .text              ro code   0x800'48d0    0x134  PollQ.o [1]
  .text              ro code   0x800'4a04    0x224  semtest.o [1]
  .text              ro code   0x800'4c28     0x3c  ParTest.o [1]
  .text              ro code   0x800'4c64    0x124  system_stm32f4xx.o [1]
  .text              ro code   0x800'4d88     0x88  misc.o [1]
  .text              ro code   0x800'4e10    0x168  iar_stm32f407zg_sk.o [1]
  CODE               ro code   0x800'4f78    0x3d4  RegTest.o [1]
  .text              ro code   0x800'534c    0x1c8  countsem.o [1]
  .text              ro code   0x800'5514     0x98  stm32f4xx_exti.o [1]
  .text              ro code   0x800'55ac     0xa6  ABImemcpy.o [4]
  .text              ro code   0x800'5654     0x48  FltToDbl.o [3]
  .text              ro code   0x800'569c     0x2e  DblCmpGe.o [3]
  .text              ro code   0x800'56cc     0x40  stm32f4xx_rcc.o [1]
  .text              ro code   0x800'570c     0xca  stm32f4xx_gpio.o [1]
  .text              ro code   0x800'57d8     0x58  stm32f4xx_syscfg.o [1]
  Initializer bytes  const     0x800'5830     0x40  <for P2-1>
  .text              ro code   0x800'5870     0x2c  copy_init3.o [4]
  .text              ro code   0x800'589c     0x28  data_init.o [4]
  .text              ro code   0x800'58c4     0x22  fpinit_M.o [3]
  .iar.init_table    const     0x800'58e8     0x24  - Linker created -
  .rodata            const     0x800'590c     0x20  iar_stm32f407zg_sk.o [1]
  .text              ro code   0x800'592c     0x1e  cmain.o [4]
  .text              ro code   0x800'594a      0x4  low_level_init.o [2]
  .text              ro code   0x800'594e      0x4  exit.o [2]
  .text              ro code   0x800'5954      0xa  cexit.o [4]
  .text              ro code   0x800'5960     0x14  exit.o [5]
  .rodata            const     0x800'5974     0x18  dynamic.o [1]
  .rodata            const     0x800'598c     0x14  blocktim.o [1]
  .rodata            const     0x800'59a0     0x10  countsem.o [1]
  .rodata            const     0x800'59b0     0x10  countsem.o [1]
  .rodata            const     0x800'59c0     0x10  GenQTest.o [1]
  .rodata            const     0x800'59d0     0x10  GenQTest.o [1]
  .rodata            const     0x800'59e0     0x10  iar_stm32f407zg_sk.o [1]
  .rodata            const     0x800'59f0     0x10  iar_stm32f407zg_sk.o [1]
  .rodata            const     0x800'5a00     0x10  iar_stm32f407zg_sk.o [1]
  .rodata            const     0x800'5a10     0x10  iar_stm32f407zg_sk.o [1]
  .rodata            const     0x800'5a20     0x10  iar_stm32f407zg_sk.o [1]
  .rodata            const     0x800'5a30     0x10  iar_stm32f407zg_sk.o [1]
  .rodata            const     0x800'5a40     0x10  PollQ.o [1]
  .rodata            const     0x800'5a50     0x10  recmutex.o [1]
  .rodata            const     0x800'5a60     0x10  semtest.o [1]
  .rodata            const     0x800'5a70     0x10  semtest.o [1]
  .text              ro code   0x800'5a80     0x10  startup_stm32f4xx.o [1]
  .rodata            const     0x800'5a90      0xc  main.o [1]
  .text              ro code   0x800'5a9c      0xc  stm32f4xx_it.o [1]
  .text              ro code   0x800'5aa8      0xc  cstartup_M.o [4]
  .rodata            const     0x800'5ab4      0x8  BlockQ.o [1]
  .rodata            const     0x800'5abc      0x8  BlockQ.o [1]
  .rodata            const     0x800'5ac4      0x8  BlockQ.o [1]
  .rodata            const     0x800'5acc      0x8  BlockQ.o [1]
  .rodata            const     0x800'5ad4      0x8  BlockQ.o [1]
  .rodata            const     0x800'5adc      0x8  BlockQ.o [1]
  .rodata            const     0x800'5ae4      0x8  blocktim.o [1]
  .rodata            const     0x800'5aec      0x8  blocktim.o [1]
  .rodata            const     0x800'5af4      0x8  countsem.o [1]
  .rodata            const     0x800'5afc      0x8  countsem.o [1]
  .rodata            const     0x800'5b04      0x8  death.o [1]
  .rodata            const     0x800'5b0c      0x8  death.o [1]
  .rodata            const     0x800'5b14      0x8  death.o [1]
  .rodata            const     0x800'5b1c      0x8  dynamic.o [1]
  .rodata            const     0x800'5b24      0x8  dynamic.o [1]
  .rodata            const     0x800'5b2c      0x8  dynamic.o [1]
  .rodata            const     0x800'5b34      0x8  dynamic.o [1]
  .rodata            const     0x800'5b3c      0x8  dynamic.o [1]
  .rodata            const     0x800'5b44      0x8  flash.o [1]
  .rodata            const     0x800'5b4c      0x8  GenQTest.o [1]
  .rodata            const     0x800'5b54      0x8  GenQTest.o [1]
  .rodata            const     0x800'5b5c      0x8  GenQTest.o [1]
  .rodata            const     0x800'5b64      0x8  GenQTest.o [1]
  .rodata            const     0x800'5b6c      0x8  iar_stm32f407zg_sk.o [1]
  .rodata            const     0x800'5b74      0x8  integer.o [1]
  .rodata            const     0x800'5b7c      0x8  main.o [1]
  .rodata            const     0x800'5b84      0x8  main.o [1]
  .rodata            const     0x800'5b8c      0x8  main.o [1]
  .rodata            const     0x800'5b94      0x8  PollQ.o [1]
  .rodata            const     0x800'5b9c      0x8  PollQ.o [1]
  .rodata            const     0x800'5ba4      0x8  recmutex.o [1]
  .rodata            const     0x800'5bac      0x8  recmutex.o [1]
  .rodata            const     0x800'5bb4      0x8  recmutex.o [1]
  .rodata            const     0x800'5bbc      0x8  semtest.o [1]
  .rodata            const     0x800'5bc4      0x8  semtest.o [1]
  .rodata            const     0x800'5bcc      0x8  semtest.o [1]
  .rodata            const     0x800'5bd4      0x8  semtest.o [1]
  .rodata            const     0x800'5bdc      0x8  sp_flop.o [1]
  .rodata            const     0x800'5be4      0x8  sp_flop.o [1]
  .rodata            const     0x800'5bec      0x8  sp_flop.o [1]
  .rodata            const     0x800'5bf4      0x8  sp_flop.o [1]
  .rodata            const     0x800'5bfc      0x8  sp_flop.o [1]
  .rodata            const     0x800'5c04      0x8  sp_flop.o [1]
  .rodata            const     0x800'5c0c      0x8  sp_flop.o [1]
  .rodata            const     0x800'5c14      0x8  sp_flop.o [1]
  .rodata            const     0x800'5c1c      0x8  tasks.o [1]
  .rodata            const     0x800'5c24      0x8  timers.o [1]
  .rodata            const     0x800'5c2c      0x8  timers.o [1]
  .rodata            const     0x800'5c34      0x4  death.o [1]
  .rodata            const     0x800'5c38      0x4  heap_4.o [1]
  .rodata            const     0x800'5c3c      0x4  ParTest.o [1]
  .rodata            const     0x800'5c40      0x4  port.o [1]
  .text              ro code   0x800'5c44      0x4  startup_stm32f4xx.o [1]
  .text              ro code   0x800'5c48      0x4  startup_stm32f4xx.o [1]
  .text              ro code   0x800'5c4c      0x4  startup_stm32f4xx.o [1]
  .text              ro code   0x800'5c50      0x4  startup_stm32f4xx.o [1]
  .text              ro code   0x800'5c54      0x4  startup_stm32f4xx.o [1]
  .text              ro code   0x800'5c58      0x4  startup_stm32f4xx.o [1]
  .text              ro code   0x800'5c5c      0x4  startup_stm32f4xx.o [1]
  .text              ro code   0x800'5c60      0x4  startup_stm32f4xx.o [1]
  .text              ro code   0x800'5c64      0x4  startup_stm32f4xx.o [1]
  .text              ro code   0x800'5c68      0x4  startup_stm32f4xx.o [1]
  .text              ro code   0x800'5c6c      0x4  startup_stm32f4xx.o [1]
  .text              ro code   0x800'5c70      0x4  startup_stm32f4xx.o [1]
  .text              ro code   0x800'5c74      0x4  startup_stm32f4xx.o [1]
  .text              ro code   0x800'5c78      0x4  startup_stm32f4xx.o [1]
  .text              ro code   0x800'5c7c      0x4  startup_stm32f4xx.o [1]
  .text              ro code   0x800'5c80      0x4  startup_stm32f4xx.o [1]
  .text              ro code   0x800'5c84      0x4  startup_stm32f4xx.o [1]
  .text              ro code   0x800'5c88      0x4  startup_stm32f4xx.o [1]
  .text              ro code   0x800'5c8c      0x4  startup_stm32f4xx.o [1]
  .text              ro code   0x800'5c90      0x4  startup_stm32f4xx.o [1]
  .text              ro code   0x800'5c94      0x4  startup_stm32f4xx.o [1]
  .text              ro code   0x800'5c98      0x4  startup_stm32f4xx.o [1]
  .text              ro code   0x800'5c9c      0x4  startup_stm32f4xx.o [1]
  .text              ro code   0x800'5ca0      0x4  startup_stm32f4xx.o [1]
  .text              ro code   0x800'5ca4      0x4  startup_stm32f4xx.o [1]
  .text              ro code   0x800'5ca8      0x4  startup_stm32f4xx.o [1]
  .text              ro code   0x800'5cac      0x4  startup_stm32f4xx.o [1]
  .text              ro code   0x800'5cb0      0x4  startup_stm32f4xx.o [1]
  .text              ro code   0x800'5cb4      0x4  startup_stm32f4xx.o [1]
  .text              ro code   0x800'5cb8      0x4  startup_stm32f4xx.o [1]
  .text              ro code   0x800'5cbc      0x4  startup_stm32f4xx.o [1]
  .text              ro code   0x800'5cc0      0x4  startup_stm32f4xx.o [1]
  .text              ro code   0x800'5cc4      0x4  startup_stm32f4xx.o [1]
  .text              ro code   0x800'5cc8      0x4  startup_stm32f4xx.o [1]
  .text              ro code   0x800'5ccc      0x4  startup_stm32f4xx.o [1]
  .text              ro code   0x800'5cd0      0x4  startup_stm32f4xx.o [1]
  .text              ro code   0x800'5cd4      0x4  startup_stm32f4xx.o [1]
  .text              ro code   0x800'5cd8      0x4  startup_stm32f4xx.o [1]
  .text              ro code   0x800'5cdc      0x4  startup_stm32f4xx.o [1]
  .text              ro code   0x800'5ce0      0x4  startup_stm32f4xx.o [1]
  .text              ro code   0x800'5ce4      0x4  startup_stm32f4xx.o [1]
  .text              ro code   0x800'5ce8      0x4  startup_stm32f4xx.o [1]
  .text              ro code   0x800'5cec      0x4  startup_stm32f4xx.o [1]
  .text              ro code   0x800'5cf0      0x4  startup_stm32f4xx.o [1]
  .text              ro code   0x800'5cf4      0x4  startup_stm32f4xx.o [1]
  .text              ro code   0x800'5cf8      0x4  startup_stm32f4xx.o [1]
  .text              ro code   0x800'5cfc      0x4  startup_stm32f4xx.o [1]
  .text              ro code   0x800'5d00      0x4  startup_stm32f4xx.o [1]
  .text              ro code   0x800'5d04      0x4  startup_stm32f4xx.o [1]
  .text              ro code   0x800'5d08      0x4  startup_stm32f4xx.o [1]
  .text              ro code   0x800'5d0c      0x4  startup_stm32f4xx.o [1]
  .text              ro code   0x800'5d10      0x4  startup_stm32f4xx.o [1]
  .text              ro code   0x800'5d14      0x4  startup_stm32f4xx.o [1]
  .text              ro code   0x800'5d18      0x4  startup_stm32f4xx.o [1]
  .text              ro code   0x800'5d1c      0x4  startup_stm32f4xx.o [1]
  .text              ro code   0x800'5d20      0x4  startup_stm32f4xx.o [1]
  .text              ro code   0x800'5d24      0x4  startup_stm32f4xx.o [1]
  .text              ro code   0x800'5d28      0x4  startup_stm32f4xx.o [1]
  .text              ro code   0x800'5d2c      0x4  startup_stm32f4xx.o [1]
  .text              ro code   0x800'5d30      0x4  startup_stm32f4xx.o [1]
  .text              ro code   0x800'5d34      0x4  startup_stm32f4xx.o [1]
  .text              ro code   0x800'5d38      0x4  startup_stm32f4xx.o [1]
  .text              ro code   0x800'5d3c      0x4  startup_stm32f4xx.o [1]
  .text              ro code   0x800'5d40      0x4  startup_stm32f4xx.o [1]
  .text              ro code   0x800'5d44      0x4  startup_stm32f4xx.o [1]
  .text              ro code   0x800'5d48      0x4  startup_stm32f4xx.o [1]
  .text              ro code   0x800'5d4c      0x4  startup_stm32f4xx.o [1]
  .text              ro code   0x800'5d50      0x4  startup_stm32f4xx.o [1]
  .text              ro code   0x800'5d54      0x4  startup_stm32f4xx.o [1]
  .text              ro code   0x800'5d58      0x4  startup_stm32f4xx.o [1]
  .text              ro code   0x800'5d5c      0x4  startup_stm32f4xx.o [1]
  .text              ro code   0x800'5d60      0x4  startup_stm32f4xx.o [1]
  .text              ro code   0x800'5d64      0x4  startup_stm32f4xx.o [1]
  .text              ro code   0x800'5d68      0x4  startup_stm32f4xx.o [1]
  .text              ro code   0x800'5d6c      0x4  startup_stm32f4xx.o [1]
  .text              ro code   0x800'5d70      0x4  startup_stm32f4xx.o [1]
  .text              ro code   0x800'5d74      0x4  startup_stm32f4xx.o [1]
  .text              ro code   0x800'5d78      0x4  startup_stm32f4xx.o [1]
  .rodata            const     0x800'5d7c      0x0  zero_init3.o [4]
  .rodata            const     0x800'5d7c      0x0  copy_init3.o [4]
                             - 0x800'5d7c   0x5bf4

"P2", part 1 of 3:                            0x40
  P2-1                        0x2000'0000     0x3e  <Init block>
    .data            inited   0x2000'0000     0x10  iar_stm32f407zg_sk.o [1]
    .data            inited   0x2000'0010     0x20  iar_stm32f407zg_sk.o [1]
    .data            inited   0x2000'0030      0x4  port.o [1]
    .data            inited   0x2000'0034      0x4  system_stm32f4xx.o [1]
    .data            inited   0x2000'0038      0x4  tasks.o [1]
    .data            inited   0x2000'003c      0x2  death.o [1]
                            - 0x2000'003e     0x3e

"P2", part 2 of 3:                         0x12ef4
  .bss               zero     0x2000'0040  0x12c00  heap_4.o [1]
  .bss               zero     0x2001'2c40     0x64  tasks.o [1]
  .bss               zero     0x2001'2ca4     0x40  queue.o [1]
  .bss               zero     0x2001'2ce4     0x18  countsem.o [1]
  .bss               zero     0x2001'2cfc     0x14  tasks.o [1]
  .bss               zero     0x2001'2d10     0x14  tasks.o [1]
  .bss               zero     0x2001'2d24     0x14  tasks.o [1]
  .bss               zero     0x2001'2d38     0x14  tasks.o [1]
  .bss               zero     0x2001'2d4c     0x14  tasks.o [1]
  .bss               zero     0x2001'2d60     0x14  timers.o [1]
  .bss               zero     0x2001'2d74     0x14  timers.o [1]
  .bss               zero     0x2001'2d88     0x10  sp_flop.o [1]
  .bss               zero     0x2001'2d98     0x10  sp_flop.o [1]
  .bss               zero     0x2001'2da8      0x8  BlockQ.o [1]
  .bss               zero     0x2001'2db0      0x8  BlockQ.o [1]
  .bss               zero     0x2001'2db8      0x8  BlockQ.o [1]
  .bss               zero     0x2001'2dc0      0x8  BlockQ.o [1]
  .bss               zero     0x2001'2dc8      0x8  heap_4.o [1]
  .bss               zero     0x2001'2dd0      0x8  semtest.o [1]
  .bss               zero     0x2001'2dd8      0x8  semtest.o [1]
  .bss               zero     0x2001'2de0      0x4  blocktim.o [1]
  .bss               zero     0x2001'2de4      0x4  blocktim.o [1]
  .bss               zero     0x2001'2de8      0x4  blocktim.o [1]
  .bss               zero     0x2001'2dec      0x4  blocktim.o [1]
  .bss               zero     0x2001'2df0      0x4  blocktim.o [1]
  .bss               zero     0x2001'2df4      0x4  blocktim.o [1]
  .bss               zero     0x2001'2df8      0x4  blocktim.o [1]
  .bss               zero     0x2001'2dfc      0x4  blocktim.o [1]
  .bss               zero     0x2001'2e00      0x4  countsem.o [1]
  .bss               zero     0x2001'2e04      0x4  death.o [1]
  .bss               zero     0x2001'2e08      0x4  death.o [1]
  .bss               zero     0x2001'2e0c      0x4  death.o [1]
  .bss               zero     0x2001'2e10      0x4  dynamic.o [1]
  .bss               zero     0x2001'2e14      0x4  dynamic.o [1]
  .bss               zero     0x2001'2e18      0x4  dynamic.o [1]
  .bss               zero     0x2001'2e1c      0x4  dynamic.o [1]
  .bss               zero     0x2001'2e20      0x4  dynamic.o [1]
  .bss               zero     0x2001'2e24      0x4  dynamic.o [1]
  .bss               zero     0x2001'2e28      0x4  dynamic.o [1]
  .bss               zero     0x2001'2e2c      0x4  dynamic.o [1]
  .bss               zero     0x2001'2e30      0x4  dynamic.o [1]
  .bss               zero     0x2001'2e34      0x4  flash.o [1]
  .bss               zero     0x2001'2e38      0x4  GenQTest.o [1]
  .bss               zero     0x2001'2e3c      0x4  GenQTest.o [1]
  .bss               zero     0x2001'2e40      0x4  GenQTest.o [1]
  .bss               zero     0x2001'2e44      0x4  GenQTest.o [1]
  .bss               zero     0x2001'2e48      0x4  GenQTest.o [1]
  .bss               zero     0x2001'2e4c      0x4  GenQTest.o [1]
  .bss               zero     0x2001'2e50      0x4  GenQTest.o [1]
  .bss               zero     0x2001'2e54      0x4  GenQTest.o [1]
  .bss               zero     0x2001'2e58      0x4  GenQTest.o [1]
  .bss               zero     0x2001'2e5c      0x4  heap_4.o [1]
  .bss               zero     0x2001'2e60      0x4  heap_4.o [1]
  .bss               zero     0x2001'2e64      0x4  heap_4.o [1]
  .bss               zero     0x2001'2e68      0x4  heap_4.o [1]
  .bss               zero     0x2001'2e6c      0x4  heap_4.o [1]
  .bss               zero     0x2001'2e70      0x4  integer.o [1]
  .bss               zero     0x2001'2e74      0x4  main.o [1]
  .bss               zero     0x2001'2e78      0x4  main.o [1]
  .bss               zero     0x2001'2e7c      0x4  main.o [1]
  .bss               zero     0x2001'2e80      0x4  main.o [1]
  .bss               zero     0x2001'2e84      0x4  main.o [1]
  .bss               zero     0x2001'2e88      0x4  main.o [1]
  .bss               zero     0x2001'2e8c      0x4  main.o [1]
  .bss               zero     0x2001'2e90      0x4  main.o [1]
  .bss               zero     0x2001'2e94      0x4  main.o [1]
  .bss               zero     0x2001'2e98      0x4  PollQ.o [1]
  .bss               zero     0x2001'2e9c      0x4  PollQ.o [1]
  .bss               zero     0x2001'2ea0      0x4  PollQ.o [1]
  .bss               zero     0x2001'2ea4      0x4  port.o [1]
  .bss               zero     0x2001'2ea8      0x4  recmutex.o [1]
  .bss               zero     0x2001'2eac      0x4  recmutex.o [1]
  .bss               zero     0x2001'2eb0      0x4  recmutex.o [1]
  .bss               zero     0x2001'2eb4      0x4  recmutex.o [1]
  .bss               zero     0x2001'2eb8      0x4  recmutex.o [1]
  .bss               zero     0x2001'2ebc      0x4  recmutex.o [1]
  .bss               zero     0x2001'2ec0      0x4  recmutex.o [1]
  .bss               zero     0x2001'2ec4      0x4  recmutex.o [1]
  .bss               zero     0x2001'2ec8      0x4  recmutex.o [1]
  .bss               zero     0x2001'2ecc      0x4  recmutex.o [1]
  .bss               zero     0x2001'2ed0      0x4  recmutex.o [1]
  .bss               zero     0x2001'2ed4      0x4  recmutex.o [1]
  .bss               zero     0x2001'2ed8      0x4  tasks.o [1]
  .bss               zero     0x2001'2edc      0x4  tasks.o [1]
  .bss               zero     0x2001'2ee0      0x4  tasks.o [1]
  .bss               zero     0x2001'2ee4      0x4  tasks.o [1]
  .bss               zero     0x2001'2ee8      0x4  tasks.o [1]
  .bss               zero     0x2001'2eec      0x4  tasks.o [1]
  .bss               zero     0x2001'2ef0      0x4  tasks.o [1]
  .bss               zero     0x2001'2ef4      0x4  tasks.o [1]
  .bss               zero     0x2001'2ef8      0x4  tasks.o [1]
  .bss               zero     0x2001'2efc      0x4  tasks.o [1]
  .bss               zero     0x2001'2f00      0x4  tasks.o [1]
  .bss               zero     0x2001'2f04      0x4  tasks.o [1]
  .bss               zero     0x2001'2f08      0x4  tasks.o [1]
  .bss               zero     0x2001'2f0c      0x4  tasks.o [1]
  .bss               zero     0x2001'2f10      0x4  tasks.o [1]
  .bss               zero     0x2001'2f14      0x4  timers.o [1]
  .bss               zero     0x2001'2f18      0x4  timers.o [1]
  .bss               zero     0x2001'2f1c      0x4  timers.o [1]
  .bss               zero     0x2001'2f20      0x4  timers.o [1]
  .bss               zero     0x2001'2f24      0x4  timers.o [1]
  .bss               zero     0x2001'2f28      0x2  death.o [1]
  .bss               zero     0x2001'2f2a      0x2  dynamic.o [1]
  .bss               zero     0x2001'2f2c      0x2  dynamic.o [1]
  .bss               zero     0x2001'2f2e      0x2  semtest.o [1]
  .bss               zero     0x2001'2f30      0x1  port.o [1]
                            - 0x2001'2f31  0x12ef1

"P2", part 3 of 3:                           0x400
  CSTACK                      0x2001'2f38    0x400  <Block>
    CSTACK           uninit   0x2001'2f38    0x400  <Block tail>
                            - 0x2001'3338    0x400

Unused ranges:

         From           To      Size
         ----           --      ----
   0x800'5d7c   0x80f'ffff  0xf'a284
  0x2001'2f34  0x2001'2f37       0x4
  0x2001'3338  0x2001'ffff    0xccc8


*******************************************************************************
*** INIT TABLE
***

          Address      Size
          -------      ----
Zero (__iar_zero_init3)
    1 destination range, total size 0x12ef1:
          0x2000'0040  0x12ef1

Copy (__iar_copy_init3)
    1 source range, total size 0x40 (103% of destination):
           0x800'5830     0x40
    1 destination range, total size 0x3e:
          0x2000'0000     0x3e



*******************************************************************************
*** MODULE SUMMARY
***

    Module                ro code  ro data  rw data
    ------                -------  -------  -------
command line/config:
    -----------------------------------------------
    Total:

C:\Prog\TestWork\Flash Debug\Obj: [1]
    BlockQ.o                  572       48       32
    GenQTest.o              1 604       64       36
    ParTest.o                  60        4
    PollQ.o                   308       32       12
    RegTest.o                 980
    blocktim.o              1 312       36       32
    countsem.o                456       48       28
    death.o                   296       30       16
    dynamic.o                 700       64       40
    flash.o                   124        8        4
    heap_4.o                  620        4   76 828
    iar_stm32f407zg_sk.o      360      184       48
    integer.o                 188        8        4
    list.o                    154
    main.o                    926       36       36
    misc.o                    136
    port.o                    604        8        9
    portasm.o                 176
    queue.o                 3 276                64
    recmutex.o                636       40       48
    semtest.o                 548       64       18
    sp_flop.o                 956       64       32
    startup_stm32f4xx.o       720
    stm32f4xx_exti.o          152
    stm32f4xx_gpio.o          202
    stm32f4xx_it.o             12
    stm32f4xx_rcc.o            64
    stm32f4xx_syscfg.o         88
    system_stm32f4xx.o        292        4        4
    tasks.o                 4 768       12      264
    timers.o                1 164       16       60
    tst.o                      10
    -----------------------------------------------
    Total:                 22 464      774   77 615

dl7M_tlf.a: [2]
    exit.o                      4
    low_level_init.o            4
    -----------------------------------------------
    Total:                      8

m7M_tls.a: [3]
    DblCmpGe.o                 46
    FltToDbl.o                 72
    fpinit_M.o                 34
    -----------------------------------------------
    Total:                    152

rt7M_tl.a: [4]
    ABImemcpy.o               166
    ABImemset.o               102
    cexit.o                    10
    cmain.o                    30
    copy_init3.o               44
    cstartup_M.o               12
    data_init.o                40
    zero_init3.o               58
    -----------------------------------------------
    Total:                    462

shb_l.a: [5]
    exit.o                     20
    unwind_debug.o                       1
    -----------------------------------------------
    Total:                     20        1

    Gaps                       11        2
    Linker created                      38    1 024
---------------------------------------------------
    Grand Total:           23 117      815   78 639


*******************************************************************************
*** ENTRY LIST
***

Entry                       Address     Size  Type      Object
-----                       -------     ----  ----      ------
.iar.init_table$$Base    0x800'58e8            --   Gb  - Linker created -
.iar.init_table$$Limit   0x800'590c            --   Gb  - Linker created -
?main                    0x800'592d           Code  Gb  cmain.o [4]
BUTTON_CLK               0x800'590c     0x20  Data  Gb  iar_stm32f407zg_sk.o [1]
BUTTON_EXTI_LINE         0x800'5a00     0x10  Data  Gb  iar_stm32f407zg_sk.o [1]
BUTTON_IRQn              0x800'5a30     0x10  Data  Gb  iar_stm32f407zg_sk.o [1]
BUTTON_PIN               0x800'59f0     0x10  Data  Gb  iar_stm32f407zg_sk.o [1]
BUTTON_PIN_SOURCE        0x800'5a20     0x10  Data  Gb  iar_stm32f407zg_sk.o [1]
BUTTON_PORT             0x2000'0010     0x20  Data  Gb  iar_stm32f407zg_sk.o [1]
BUTTON_PORT_SOURCE       0x800'5a10     0x10  Data  Gb  iar_stm32f407zg_sk.o [1]
BusFault_Handler         0x800'5aa3      0x2  Code  Gb  stm32f4xx_it.o [1]
CSTACK$$Base            0x2001'2f38            --   Gb  - Linker created -
CSTACK$$Limit           0x2001'3338            --   Gb  - Linker created -
DebugMon_Handler         0x800'5aa7      0x2  Code  Gb  stm32f4xx_it.o [1]
EXTI9_5_IRQHandler       0x800'217d     0x2e  Code  Gb  main.o [1]
EXTI_ClearITPendingBit   0x800'558f      0x6  Code  Gb  stm32f4xx_exti.o [1]
EXTI_Init                0x800'5515     0x7a  Code  Gb  stm32f4xx_exti.o [1]
GPIO_CLK                 0x800'59e0     0x10  Data  Gb  iar_stm32f407zg_sk.o [1]
GPIO_Init                0x800'570d     0xca  Code  Gb  stm32f4xx_gpio.o [1]
GPIO_PIN                 0x800'5b6c      0x8  Data  Gb  iar_stm32f407zg_sk.o [1]
GPIO_PORT               0x2000'0000     0x10  Data  Gb  iar_stm32f407zg_sk.o [1]
HardFault_Handler        0x800'5a9f      0x2  Code  Gb  stm32f4xx_it.o [1]
MemManage_Handler        0x800'5aa1      0x2  Code  Gb  stm32f4xx_it.o [1]
NMI_Handler              0x800'5a9d      0x2  Code  Gb  stm32f4xx_it.o [1]
NVIC_Init                0x800'4d93     0x68  Code  Gb  misc.o [1]
NVIC_PriorityGroupConfig
                         0x800'4d89      0xa  Code  Gb  misc.o [1]
PendSV_Handler           0x800'2255           Code  Gb  portasm.o [1]
RCC_AHB1PeriphClockCmd   0x800'56cd     0x1c  Code  Gb  stm32f4xx_rcc.o [1]
RCC_APB2PeriphClockCmd   0x800'56e9     0x1c  Code  Gb  stm32f4xx_rcc.o [1]
Region$$Table$$Base      0x800'58e8            --   Gb  - Linker created -
Region$$Table$$Limit     0x800'590c            --   Gb  - Linker created -
STM_EVAL_LEDInit         0x800'4e11     0x4a  Code  Gb  iar_stm32f407zg_sk.o [1]
STM_EVAL_LEDToggle       0x800'4e5b     0x28  Code  Gb  iar_stm32f407zg_sk.o [1]
STM_EVAL_PBInit          0x800'4e83     0xcc  Code  Gb  iar_stm32f407zg_sk.o [1]
SVC_Handler              0x800'22ad           Code  Gb  portasm.o [1]
SYSCFG_EXTILineConfig    0x800'57d9     0x52  Code  Gb  stm32f4xx_syscfg.o [1]
SetSysClock              0x800'4cab     0xaa  Code  Lc  system_stm32f4xx.o [1]
SysTick_Handler          0x800'1915     0x28  Code  Gb  port.o [1]
SystemCoreClock         0x2000'0034      0x4  Data  Gb  system_stm32f4xx.o [1]
SystemInit               0x800'4c65     0x46  Code  Gb  system_stm32f4xx.o [1]
TIM2_IRQHandler          0x800'2079     0x38  Code  Gb  main.o [1]
TIM3_IRQHandler          0x800'2053     0x26  Code  Gb  main.o [1]
UsageFault_Handler       0x800'5aa5      0x2  Code  Gb  stm32f4xx_it.o [1]
__NVIC_SetPendingIRQ     0x800'1e7d     0x1e  Code  Lc  main.o [1]
__aeabi_cdrcmple         0x800'569d           Code  Gb  DblCmpGe.o [3]
__aeabi_f2d              0x800'5655           Code  Gb  FltToDbl.o [3]
__aeabi_memcpy           0x800'55ad           Code  Gb  ABImemcpy.o [4]
__aeabi_memcpy4          0x800'55cd           Code  Gb  ABImemcpy.o [4]
__aeabi_memcpy8          0x800'55cd           Code  Gb  ABImemcpy.o [4]
__aeabi_memset           0x800'1695           Code  Gb  ABImemset.o [4]
__cmain                  0x800'592d           Code  Gb  cmain.o [4]
__exit                   0x800'5961     0x14  Code  Gb  exit.o [5]
__iar_Memset             0x800'1695           Code  Gb  ABImemset.o [4]
__iar_Memset_word        0x800'169d           Code  Gb  ABImemset.o [4]
__iar_copy_init3         0x800'5871     0x2c  Code  Gb  copy_init3.o [4]
__iar_data_init3         0x800'589d     0x28  Code  Gb  data_init.o [4]
__iar_debug_exceptions   0x800'2fda      0x1  Data  Gb  unwind_debug.o [5]
__iar_init_vfp           0x800'58c5           Code  Gb  fpinit_M.o [3]
__iar_program_start      0x800'5aa9           Code  Gb  cstartup_M.o [4]
__iar_zero_init3         0x800'221b     0x3a  Code  Gb  zero_init3.o [4]
__low_level_init         0x800'594b      0x4  Code  Gb  low_level_init.o [2]
__vector_table           0x800'0000           Data  Gb  startup_stm32f4xx.o [1]
_call_main               0x800'5939           Code  Gb  cmain.o [4]
_exit                    0x800'5955           Code  Gb  cexit.o [4]
_main                    0x800'5947           Code  Gb  cmain.o [4]
exit                     0x800'594f      0x4  Code  Gb  exit.o [2]
main                     0x800'1e9d     0x1c  Code  Gb  main.o [1]
pcInterruptPriorityRegisters
                         0x800'5c40      0x4  Data  Lc  port.o [1]
prvAddCurrentTaskToDelayedList
                         0x800'1355     0xa6  Code  Lc  tasks.o [1]
prvAddNewTaskToReadyList
                         0x800'02e7     0xc0  Code  Lc  tasks.o [1]
prvBasicDelayTests       0x800'3d79    0x106  Code  Lc  blocktim.o [1]
prvButtonTestTask        0x800'1f87     0x38  Code  Lc  main.o [1]
prvCheckForValidListAndQueue
                         0x800'1e0d     0x46  Code  Lc  timers.o [1]
prvCheckTasksWaitingTermination
                         0x800'0fa5     0x3e  Code  Lc  tasks.o [1]
prvCheckTimerCallback    0x800'1eb9     0xce  Code  Lc  main.o [1]
prvCheckTimerCallback::lChangedTimerPeriodAlready
                        0x2001'2e8c      0x4  Data  Lc  main.o [1]
prvCheckTimerCallback::ulLastRegTest1Value
                        0x2001'2e90      0x4  Data  Lc  main.o [1]
prvCheckTimerCallback::ulLastRegTest2Value
                        0x2001'2e94      0x4  Data  Lc  main.o [1]
prvCopyDataFromQueue     0x800'2e49     0x36  Code  Lc  queue.o [1]
prvCopyDataToQueue       0x800'2dad     0x9c  Code  Lc  queue.o [1]
prvCountingSemaphoreTask
                         0x800'54bd     0x3e  Code  Lc  countsem.o [1]
prvDecrementSemaphoreCount
                         0x800'53c1     0x8a  Code  Lc  countsem.o [1]
prvDeleteTCB             0x800'0fed     0x12  Code  Lc  tasks.o [1]
prvGetDisinheritPriorityAfterTimeout
                         0x800'2d97     0x16  Code  Lc  queue.o [1]
prvGetNextExpireTime     0x800'1c3d     0x26  Code  Lc  timers.o [1]
prvHeapInit              0x800'15bd     0x5a  Code  Lc  heap_4.o [1]
prvHighPriorityMutexTask
                         0x800'4465     0x48  Code  Lc  GenQTest.o [1]
prvIdleTask              0x800'0f25     0x28  Code  Lc  tasks.o [1]
prvIncrementSemaphoreCount
                         0x800'544b     0x70  Code  Lc  countsem.o [1]
prvInitialiseMutex       0x800'2471     0x22  Code  Lc  queue.o [1]
prvInitialiseNewQueue    0x800'243b     0x36  Code  Lc  queue.o [1]
prvInitialiseNewTask     0x800'0207     0xe0  Code  Lc  tasks.o [1]
prvInitialiseNewTimer    0x800'1a73     0x58  Code  Lc  timers.o [1]
prvInitialiseTaskLists   0x800'0f51     0x54  Code  Lc  tasks.o [1]
prvInsertBlockIntoFreeList
                         0x800'1617     0x5e  Code  Lc  heap_4.o [1]
prvInsertTimerInActiveList
                         0x800'1c89     0x50  Code  Lc  timers.o [1]
prvIsQueueEmpty          0x800'2eed     0x1c  Code  Lc  queue.o [1]
prvIsQueueFull           0x800'2f09     0x1e  Code  Lc  queue.o [1]
prvLowPriorityMutexTask
                         0x800'440d     0x42  Code  Lc  GenQTest.o [1]
prvMediumPriorityMutexTask
                         0x800'4451     0x14  Code  Lc  GenQTest.o [1]
prvOptionallyCreateComprehensveTestApplication
                         0x800'20b1     0xcc  Code  Lc  main.o [1]
prvProcessExpiredTimer   0x800'1b75     0x3c  Code  Lc  timers.o [1]
prvProcessReceivedCommands
                         0x800'1cd9    0x108  Code  Lc  timers.o [1]
prvProcessTimerOrBlockTask
                         0x800'1bcf     0x6e  Code  Lc  timers.o [1]
prvRecursiveMutexBlockingTask
                         0x800'4611     0x68  Code  Lc  recmutex.o [1]
prvRecursiveMutexControllingTask
                         0x800'458d     0x82  Code  Lc  recmutex.o [1]
prvRecursiveMutexPollingTask
                         0x800'4679     0x98  Code  Lc  recmutex.o [1]
prvReloadTimer           0x800'1b4d     0x28  Code  Lc  timers.o [1]
prvResetNextTaskUnblockTime
                         0x800'0fff     0x22  Code  Lc  tasks.o [1]
prvSampleTimeNow         0x800'1c63     0x26  Code  Lc  timers.o [1]
prvSampleTimeNow::xLastTime
                        0x2001'2f24      0x4  Data  Lc  timers.o [1]
prvSemaphoreTest         0x800'4af5     0xdc  Code  Lc  semtest.o [1]
prvSendFrontAndBackTest
                         0x800'3f81    0x2c8  Code  Lc  GenQTest.o [1]
prvSetupHardware         0x800'1fbf     0x1c  Code  Lc  main.o [1]
prvSetupNestedFPUInterruptsTest
                         0x800'2013     0x40  Code  Lc  main.o [1]
prvSwitchTimerLists      0x800'1de1     0x2c  Code  Lc  timers.o [1]
prvTakeTwoMutexesReturnInDifferentOrder
                         0x800'4249     0xf2  Code  Lc  GenQTest.o [1]
prvTakeTwoMutexesReturnInSameOrder
                         0x800'433b     0xd2  Code  Lc  GenQTest.o [1]
prvTaskExitError         0x800'17bd     0x2a  Code  Lc  port.o [1]
prvTaskIsTaskSuspended   0x800'07c7     0x3e  Code  Lc  tasks.o [1]
prvTimerTask             0x800'1bb5     0x1a  Code  Lc  timers.o [1]
prvUnlockQueue           0x800'2e7f     0x6e  Code  Lc  queue.o [1]
pvPortMalloc             0x800'1429    0x11e  Code  Gb  heap_4.o [1]
pvTaskIncrementMutexHeldCount
                         0x800'130d     0x16  Code  Gb  tasks.o [1]
pxCurrentTCB            0x2001'2ed8      0x4  Data  Gb  tasks.o [1]
pxCurrentTimerList      0x2001'2f14      0x4  Data  Lc  timers.o [1]
pxDelayedTaskList       0x2001'2edc      0x4  Data  Lc  tasks.o [1]
pxEnd                   0x2001'2e5c      0x4  Data  Lc  heap_4.o [1]
pxOverflowDelayedTaskList
                        0x2001'2ee0      0x4  Data  Lc  tasks.o [1]
pxOverflowTimerList     0x2001'2f18      0x4  Data  Lc  timers.o [1]
pxPortInitialiseStack    0x800'1795     0x28  Code  Gb  port.o [1]
pxReadyTasksLists       0x2001'2c40     0x64  Data  Lc  tasks.o [1]
sBlockingConsumerCount  0x2001'2da8      0x8  Data  Lc  BlockQ.o [1]
sBlockingProducerCount  0x2001'2db0      0x8  Data  Lc  BlockQ.o [1]
sCheckVariables         0x2001'2dd0      0x8  Data  Lc  semtest.o [1]
sNextCheckVariable      0x2001'2f2e      0x2  Data  Lc  semtest.o [1]
tstStart                 0x800'2fd1      0xa  Code  Gb  tst.o [1]
ucHeap                  0x2000'0040  0x12c00  Data  Lc  heap_4.o [1]
ucMaxSysCallPriority    0x2001'2f30      0x1  Data  Lc  port.o [1]
ulButtonPressCounts     0x2001'2e88      0x4  Data  Gb  main.o [1]
ulCounter               0x2001'2e18      0x4  Data  Lc  dynamic.o [1]
ulExpectedValue         0x2001'2e28      0x4  Data  Lc  dynamic.o [1]
ulFPUInterruptNesting   0x2001'2e7c      0x4  Data  Gb  main.o [1]
ulGuardedVariable       0x2001'2e44      0x4  Data  Lc  GenQTest.o [1]
ulLoopCounter           0x2001'2e3c      0x4  Data  Lc  GenQTest.o [1]
ulLoopCounter2          0x2001'2e40      0x4  Data  Lc  GenQTest.o [1]
ulMaxFPUInterruptNesting
                        0x2001'2e80      0x4  Data  Gb  main.o [1]
ulMaxPRIGROUPValue      0x2001'2ea4      0x4  Data  Lc  port.o [1]
ulRegTest1LoopCounter   0x2001'2e74      0x4  Data  Gb  main.o [1]
ulRegTest2LoopCounter   0x2001'2e78      0x4  Data  Gb  main.o [1]
ulRegTestCheckFlopRegistersContainParameterValue
                         0x800'52b7           Code  Gb  RegTest.o [1]
usCheckVariable         0x2001'2f2a      0x2  Data  Lc  dynamic.o [1]
usCreationCount         0x2001'2f28      0x2  Data  Lc  death.o [1]
usTaskCheck             0x2001'2d88     0x10  Data  Lc  sp_flop.o [1]
uxBlockingCycles        0x2001'2ebc      0x4  Data  Lc  recmutex.o [1]
uxControllingCycles     0x2001'2eb8      0x4  Data  Lc  recmutex.o [1]
uxCriticalNesting       0x2000'0030      0x4  Data  Lc  port.o [1]
uxCurrentNumberOfTasks  0x2001'2ee8      0x4  Data  Lc  tasks.o [1]
uxDeletedTasksWaitingCleanUp
                        0x2001'2ee4      0x4  Data  Lc  tasks.o [1]
uxFlashTaskNumber       0x2001'2e34      0x4  Data  Lc  flash.o [1]
uxListRemove             0x800'176d     0x28  Code  Gb  list.o [1]
uxMaxNumberOfExtraTasksRunning
                         0x800'5c34      0x4  Data  Lc  death.o [1]
uxPollingCycles         0x2001'2ec0      0x4  Data  Lc  recmutex.o [1]
uxQueueMessagesWaiting   0x800'2d71     0x26  Code  Gb  queue.o [1]
uxSchedulerSuspended    0x2001'2f10      0x4  Data  Lc  tasks.o [1]
uxTaskGetNumberOfTasks   0x800'0a75      0x6  Code  Gb  tasks.o [1]
uxTaskNumber            0x2001'2f04      0x4  Data  Lc  tasks.o [1]
uxTaskPriorityGet        0x800'057b     0x20  Code  Gb  tasks.o [1]
uxTasksRunningAtStart   0x2001'2e04      0x4  Data  Lc  death.o [1]
uxTopReadyPriority      0x2001'2ef0      0x4  Data  Lc  tasks.o [1]
uxTopUsedPriority       0x2000'0038      0x4  Data  Gb  tasks.o [1]
vApplicationIdleHook     0x800'2209      0x2  Code  Gb  main.o [1]
vApplicationMallocFailedHook
                         0x800'21f9     0x10  Code  Gb  main.o [1]
vApplicationStackOverflowHook
                         0x800'220b     0x10  Code  Gb  main.o [1]
vApplicationTickHook     0x800'1fdb     0x38  Code  Gb  main.o [1]
vBlockingQueueConsumer   0x800'3911     0x46  Code  Lc  BlockQ.o [1]
vBlockingQueueProducer   0x800'38cd     0x42  Code  Lc  BlockQ.o [1]
vCompeteingIntMathTask   0x800'3445     0x4c  Code  Lc  integer.o [1]
vCompetingMathTask1      0x800'3111     0x98  Code  Lc  sp_flop.o [1]
vCompetingMathTask2      0x800'31a9     0x98  Code  Lc  sp_flop.o [1]
vCompetingMathTask3      0x800'3241     0xae  Code  Lc  sp_flop.o [1]
vCompetingMathTask4      0x800'32f1     0xaa  Code  Lc  sp_flop.o [1]
vContinuousIncrementTask
                         0x800'3581     0x5a  Code  Lc  dynamic.o [1]
vCounterControlTask      0x800'35dd     0x9e  Code  Lc  dynamic.o [1]
vCreateBlockTimeTasks    0x800'39c9     0x56  Code  Gb  blocktim.o [1]
vCreateSuicidalTasks     0x800'47a9     0x1a  Code  Gb  death.o [1]
vCreateTasks             0x800'4805     0x5c  Code  Lc  death.o [1]
vLEDFlashTask            0x800'3001     0x4e  Code  Lc  flash.o [1]
vLimitedIncrementTask    0x800'3561     0x20  Code  Lc  dynamic.o [1]
vListInitialise          0x800'16fb     0x1e  Code  Gb  list.o [1]
vListInitialiseItem      0x800'1719      0x6  Code  Gb  list.o [1]
vListInsert              0x800'1737     0x36  Code  Gb  list.o [1]
vListInsertEnd           0x800'171f     0x18  Code  Gb  list.o [1]
vParTestInitialise       0x800'4c29     0x1c  Code  Gb  ParTest.o [1]
vParTestToggleLED        0x800'4c45     0x1a  Code  Gb  ParTest.o [1]
vPolledQueueConsumer     0x800'4971     0x58  Code  Lc  PollQ.o [1]
vPolledQueueProducer     0x800'491d     0x54  Code  Lc  PollQ.o [1]
vPortEnableVFP           0x800'22e9           Code  Gb  portasm.o [1]
vPortEnterCritical       0x800'18b5     0x34  Code  Gb  port.o [1]
vPortExitCritical        0x800'18e9     0x2c  Code  Gb  port.o [1]
vPortFree                0x800'1547     0x76  Code  Gb  heap_4.o [1]
vPortStartFirstTask      0x800'22c9           Code  Gb  portasm.o [1]
vPortValidateInterruptPriority
                         0x800'193d     0x4e  Code  Gb  port.o [1]
vPrimaryBlockTimeTestTask
                         0x800'3a21    0x29e  Code  Lc  blocktim.o [1]
vQueueAddToRegistry      0x800'2f27     0x5a  Code  Gb  queue.o [1]
vQueueReceiveWhenSuspendedTask
                         0x800'36b1     0x50  Code  Lc  dynamic.o [1]
vQueueSendWhenSuspendedTask
                         0x800'367d     0x34  Code  Lc  dynamic.o [1]
vQueueSendWhenSuspendedTask::ulValueToSend
                        0x2001'2e2c      0x4  Data  Lc  dynamic.o [1]
vQueueWaitForMessageRestricted
                         0x800'2f85     0x4c  Code  Gb  queue.o [1]
vRegTest1Task            0x800'4f79           Code  Gb  RegTest.o [1]
vRegTest2Task            0x800'5103           Code  Gb  RegTest.o [1]
vRegTestClearFlopRegistersToParameterValue
                         0x800'5295           Code  Gb  RegTest.o [1]
vSecondaryBlockTimeTestTask
                         0x800'3cc1     0xb8  Code  Lc  blocktim.o [1]
vStartBlockingQueueTasks
                         0x800'378d    0x140  Code  Gb  BlockQ.o [1]
vStartCountingSemaphoreTasks
                         0x800'534d     0x74  Code  Gb  countsem.o [1]
vStartDynamicPriorityTasks
                         0x800'34d1     0x90  Code  Gb  dynamic.o [1]
vStartGenericQueueTasks
                         0x800'3ee9     0x98  Code  Gb  GenQTest.o [1]
vStartIntegerMathTasks   0x800'3415     0x30  Code  Gb  integer.o [1]
vStartLEDFlashTasks      0x800'2fdd     0x24  Code  Gb  flash.o [1]
vStartMathTasks          0x800'3059     0xb6  Code  Gb  sp_flop.o [1]
vStartPolledQueueTasks   0x800'48d1     0x4a  Code  Gb  PollQ.o [1]
vStartPolledQueueTasks::xPolledQueue
                        0x2001'2ea0      0x4  Data  Lc  PollQ.o [1]
vStartRecursiveMutexTasks
                         0x800'452d     0x5e  Code  Gb  recmutex.o [1]
vStartSemaphoreTasks     0x800'4a05     0xee  Code  Gb  semtest.o [1]
vSuicidalTask            0x800'47c3     0x40  Code  Lc  death.o [1]
vTaskDelay               0x800'052d     0x4e  Code  Gb  tasks.o [1]
vTaskDelete              0x800'03a7     0xd4  Code  Gb  tasks.o [1]
vTaskInternalSetTimeOutState
                         0x800'0e79     0x12  Code  Gb  tasks.o [1]
vTaskMissedYield         0x800'0f1d      0x8  Code  Gb  tasks.o [1]
vTaskPlaceOnEventList    0x800'0cdf     0x34  Code  Gb  tasks.o [1]
vTaskPlaceOnEventListRestricted
                         0x800'0d1d     0x58  Code  Gb  tasks.o [1]
vTaskPriorityDisinheritAfterTimeout
                         0x800'11f1    0x116  Code  Gb  tasks.o [1]
vTaskPrioritySet         0x800'059b    0x142  Code  Gb  tasks.o [1]
vTaskResume              0x800'0805     0xa4  Code  Gb  tasks.o [1]
vTaskStartScheduler      0x800'08a9     0x76  Code  Gb  tasks.o [1]
vTaskSuspend             0x800'06dd     0xea  Code  Gb  tasks.o [1]
vTaskSuspendAll          0x800'091f      0xc  Code  Gb  tasks.o [1]
vTaskSwitchContext       0x800'0c3d     0xa2  Code  Gb  tasks.o [1]
xActiveTimerList1       0x2001'2d60     0x14  Data  Lc  timers.o [1]
xActiveTimerList2       0x2001'2d74     0x14  Data  Lc  timers.o [1]
xAreBlockTimeTestTasksStillRunning
                         0x800'3e7f     0x3c  Code  Gb  blocktim.o [1]
xAreBlockTimeTestTasksStillRunning::xLastPrimaryCycleCount
                        0x2001'2df8      0x4  Data  Lc  blocktim.o [1]
xAreBlockTimeTestTasksStillRunning::xLastSecondaryCycleCount
                        0x2001'2dfc      0x4  Data  Lc  blocktim.o [1]
xAreBlockingQueuesStillRunning
                         0x800'3957     0x4a  Code  Gb  BlockQ.o [1]
xAreBlockingQueuesStillRunning::sLastBlockingConsumerCount
                        0x2001'2db8      0x8  Data  Lc  BlockQ.o [1]
xAreBlockingQueuesStillRunning::sLastBlockingProducerCount
                        0x2001'2dc0      0x8  Data  Lc  BlockQ.o [1]
xAreDynamicPriorityTasksStillRunning
                         0x800'3701     0x48  Code  Gb  dynamic.o [1]
xAreDynamicPriorityTasksStillRunning::ulLastExpectedValue
                        0x2001'2e30      0x4  Data  Lc  dynamic.o [1]
xAreDynamicPriorityTasksStillRunning::usLastTaskCheck
                        0x2001'2f2c      0x2  Data  Lc  dynamic.o [1]
xAreGenericQueueTasksStillRunning
                         0x800'44ad     0x42  Code  Gb  GenQTest.o [1]
xAreGenericQueueTasksStillRunning::ulLastLoopCounter
                        0x2001'2e54      0x4  Data  Lc  GenQTest.o [1]
xAreGenericQueueTasksStillRunning::ulLastLoopCounter2
                        0x2001'2e58      0x4  Data  Lc  GenQTest.o [1]
xAreIntegerMathsTaskStillRunning
                         0x800'3491     0x32  Code  Gb  integer.o [1]
xAreMathsTaskStillRunning
                         0x800'339b     0x2e  Code  Gb  sp_flop.o [1]
xAreMathsTaskStillRunning::usLastTaskCheck
                        0x2001'2d98     0x10  Data  Lc  sp_flop.o [1]
xArePollingQueuesStillRunning
                         0x800'49c9     0x22  Code  Gb  PollQ.o [1]
xAreRecursiveMutexTasksStillRunning
                         0x800'4711     0x58  Code  Gb  recmutex.o [1]
xAreRecursiveMutexTasksStillRunning::uxLastBlockingCycles
                        0x2001'2ed0      0x4  Data  Lc  recmutex.o [1]
xAreRecursiveMutexTasksStillRunning::uxLastControllingCycles
                        0x2001'2ecc      0x4  Data  Lc  recmutex.o [1]
xAreRecursiveMutexTasksStillRunning::uxLastPollingCycles
                        0x2001'2ed4      0x4  Data  Lc  recmutex.o [1]
xAreSemaphoreTasksStillRunning
                         0x800'4bd1     0x2e  Code  Gb  semtest.o [1]
xAreSemaphoreTasksStillRunning::sLastCheckVariables
                        0x2001'2dd8      0x8  Data  Lc  semtest.o [1]
xBlockWasAborted        0x2001'2e50      0x4  Data  Lc  GenQTest.o [1]
xBlockingIsSuspended    0x2001'2eb4      0x4  Data  Lc  recmutex.o [1]
xBlockingTaskHandle     0x2001'2ec8      0x4  Data  Lc  recmutex.o [1]
xContinuousIncrementHandle
                        0x2001'2e10      0x4  Data  Lc  dynamic.o [1]
xControllingIsSuspended
                        0x2001'2eb0      0x4  Data  Lc  recmutex.o [1]
xControllingTaskHandle  0x2001'2ec4      0x4  Data  Lc  recmutex.o [1]
xCreatedTask            0x2001'2e08      0x4  Data  Gb  death.o [1]
xDelayedTaskList1       0x2001'2cfc     0x14  Data  Lc  tasks.o [1]
xDelayedTaskList2       0x2001'2d10     0x14  Data  Lc  tasks.o [1]
xErrorDetected          0x2001'2e00      0x4  Data  Lc  countsem.o [1]
xErrorDetected          0x2001'2e38      0x4  Data  Lc  GenQTest.o [1]
xErrorOccurred          0x2001'2df0      0x4  Data  Lc  blocktim.o [1]
xErrorOccurred          0x2001'2eac      0x4  Data  Lc  recmutex.o [1]
xFreeBytesRemaining     0x2001'2e60      0x4  Data  Lc  heap_4.o [1]
xHeapStructSize          0x800'5c38      0x4  Data  Lc  heap_4.o [1]
xHighPriorityMutexTask  0x2001'2e48      0x4  Data  Lc  GenQTest.o [1]
xIdleTaskHandle         0x2001'2f0c      0x4  Data  Lc  tasks.o [1]
xIsCreateTaskStillRunning
                         0x800'4861     0x48  Code  Gb  death.o [1]
xIsCreateTaskStillRunning::usLastCreationCount
                        0x2000'003c      0x2  Data  Lc  death.o [1]
xIsCreateTaskStillRunning::uxTasksRunningNow
                        0x2001'2e0c      0x4  Data  Lc  death.o [1]
xLEDs                    0x800'5c3c      0x4  Data  Lc  ParTest.o [1]
xLimitedIncrementHandle
                        0x2001'2e14      0x4  Data  Lc  dynamic.o [1]
xMediumPriorityMutexTask
                        0x2001'2e4c      0x4  Data  Lc  GenQTest.o [1]
xMinimumEverFreeBytesRemaining
                        0x2001'2e64      0x4  Data  Lc  heap_4.o [1]
xMutex                  0x2001'2ea8      0x4  Data  Lc  recmutex.o [1]
xNextTaskUnblockTime    0x2001'2f08      0x4  Data  Lc  tasks.o [1]
xNumOfOverflows         0x2001'2f00      0x4  Data  Lc  tasks.o [1]
xNumberOfSuccessfulAllocations
                        0x2001'2e68      0x4  Data  Lc  heap_4.o [1]
xNumberOfSuccessfulFrees
                        0x2001'2e6c      0x4  Data  Lc  heap_4.o [1]
xParameters             0x2001'2ce4     0x18  Data  Lc  countsem.o [1]
xPendedTicks            0x2001'2ef8      0x4  Data  Lc  tasks.o [1]
xPendingReadyList       0x2001'2d24     0x14  Data  Lc  tasks.o [1]
xPollingConsumerCount   0x2001'2e98      0x4  Data  Lc  PollQ.o [1]
xPollingProducerCount   0x2001'2e9c      0x4  Data  Lc  PollQ.o [1]
xPortStartScheduler      0x800'17e7     0xce  Code  Gb  port.o [1]
xPrimaryCycles          0x2001'2de8      0x4  Data  Lc  blocktim.o [1]
xQueueCreateCountingSemaphore
                         0x800'253b     0x3c  Code  Gb  queue.o [1]
xQueueCreateMutex        0x800'2493     0x20  Code  Gb  queue.o [1]
xQueueGenericCreate      0x800'23cf     0x6c  Code  Gb  queue.o [1]
xQueueGenericReset       0x800'2305     0xca  Code  Gb  queue.o [1]
xQueueGenericSend        0x800'2577    0x1a6  Code  Gb  queue.o [1]
xQueueGenericSendFromISR
                         0x800'271d    0x108  Code  Gb  queue.o [1]
xQueueGiveFromISR        0x800'2825     0xe8  Code  Gb  queue.o [1]
xQueueGiveMutexRecursive
                         0x800'24b3     0x44  Code  Gb  queue.o [1]
xQueuePeek               0x800'2c05    0x166  Code  Gb  queue.o [1]
xQueueReceive            0x800'290d    0x16a  Code  Gb  queue.o [1]
xQueueRegistry          0x2001'2ca4     0x40  Data  Gb  queue.o [1]
xQueueSemaphoreTake      0x800'2a77    0x18e  Code  Gb  queue.o [1]
xQueueTakeMutexRecursive
                         0x800'24f7     0x44  Code  Gb  queue.o [1]
xRunIndicator           0x2001'2df4      0x4  Data  Lc  blocktim.o [1]
xSchedulerRunning       0x2001'2ef4      0x4  Data  Lc  tasks.o [1]
xSecondary              0x2001'2de4      0x4  Data  Lc  blocktim.o [1]
xSecondaryCycles        0x2001'2dec      0x4  Data  Lc  blocktim.o [1]
xStart                  0x2001'2dc8      0x8  Data  Lc  heap_4.o [1]
xSuspendedQueueReceiveError
                        0x2001'2e20      0x4  Data  Lc  dynamic.o [1]
xSuspendedQueueSendError
                        0x2001'2e1c      0x4  Data  Lc  dynamic.o [1]
xSuspendedTaskList      0x2001'2d4c     0x14  Data  Lc  tasks.o [1]
xSuspendedTestQueue     0x2001'2e24      0x4  Data  Gb  dynamic.o [1]
xTaskCheck              0x2001'2e70      0x4  Data  Lc  integer.o [1]
xTaskCheckForTimeOut     0x800'0e8b     0x92  Code  Gb  tasks.o [1]
xTaskCreate              0x800'0189     0x7e  Code  Gb  tasks.o [1]
xTaskDelayUntil          0x800'047b     0xb2  Code  Gb  tasks.o [1]
xTaskGetCurrentTaskHandle
                         0x800'1021      0x8  Code  Gb  tasks.o [1]
xTaskGetSchedulerState   0x800'1035     0x20  Code  Gb  tasks.o [1]
xTaskGetTickCount        0x800'0a6d      0x8  Code  Gb  tasks.o [1]
xTaskIncrementTick       0x800'0a95    0x19a  Code  Gb  tasks.o [1]
xTaskPriorityDisinherit
                         0x800'112d     0xc0  Code  Gb  tasks.o [1]
xTaskPriorityInherit     0x800'1059     0xd4  Code  Gb  tasks.o [1]
xTaskRemoveFromEventList
                         0x800'0d81     0xf8  Code  Gb  tasks.o [1]
xTaskResumeAll           0x800'092b    0x142  Code  Gb  tasks.o [1]
xTasksWaitingTermination
                        0x2001'2d38     0x14  Data  Lc  tasks.o [1]
xTestQueue              0x2001'2de0      0x4  Data  Lc  blocktim.o [1]
xTestSemaphore          0x2001'2e84      0x4  Data  Lc  main.o [1]
xTickCount              0x2001'2eec      0x4  Data  Lc  tasks.o [1]
xTimerCreate             0x800'1a39     0x3a  Code  Gb  timers.o [1]
xTimerCreateTimerTask    0x800'19f1     0x48  Code  Gb  timers.o [1]
xTimerGenericCommand     0x800'1acb     0x82  Code  Gb  timers.o [1]
xTimerQueue             0x2001'2f1c      0x4  Data  Lc  timers.o [1]
xTimerTaskHandle        0x2001'2f20      0x4  Data  Lc  timers.o [1]
xYieldPending           0x2001'2efc      0x4  Data  Lc  tasks.o [1]


[1] = C:\Prog\TestWork\Flash Debug\Obj
[2] = dl7M_tlf.a
[3] = m7M_tls.a
[4] = rt7M_tl.a
[5] = shb_l.a

  23 117 bytes of readonly  code memory
     815 bytes of readonly  data memory
  78 639 bytes of readwrite data memory

Errors: none
Warnings: none
