###############################################################################
#
# IAR ELF Linker V8.30.1.114/W32 for ARM                  29/Dec/2022  11:43:56
# Copyright 2007-2018 IAR Systems AB.
#
#    Output file  =  C:\Prog\AnyDirectory\TestWork\Flash Debug\Exe\testWork.out
#    Map file     =  
#        C:\Prog\AnyDirectory\TestWork\Flash Debug\List\testWork.map
#    Command line =  
#        -f C:\Users\clw\AppData\Local\Temp\EW47A4.tmp
#        ("C:\Prog\AnyDirectory\TestWork\Flash Debug\Obj\adcTest.o"
#        "C:\Prog\AnyDirectory\TestWork\Flash Debug\Obj\event_groups.o"
#        "C:\Prog\AnyDirectory\TestWork\Flash Debug\Obj\heap_4.o"
#        "C:\Prog\AnyDirectory\TestWork\Flash Debug\Obj\ledTest.o"
#        "C:\Prog\AnyDirectory\TestWork\Flash Debug\Obj\list.o"
#        "C:\Prog\AnyDirectory\TestWork\Flash Debug\Obj\main.o"
#        "C:\Prog\AnyDirectory\TestWork\Flash Debug\Obj\misc.o"
#        "C:\Prog\AnyDirectory\TestWork\Flash Debug\Obj\port.o"
#        "C:\Prog\AnyDirectory\TestWork\Flash Debug\Obj\portasm.o"
#        "C:\Prog\AnyDirectory\TestWork\Flash Debug\Obj\queue.o"
#        "C:\Prog\AnyDirectory\TestWork\Flash Debug\Obj\startup_stm32f4xx.o"
#        "C:\Prog\AnyDirectory\TestWork\Flash Debug\Obj\stm32f4xx_adc.o"
#        "C:\Prog\AnyDirectory\TestWork\Flash Debug\Obj\stm32f4xx_dma.o"
#        "C:\Prog\AnyDirectory\TestWork\Flash Debug\Obj\stm32f4xx_exti.o"
#        "C:\Prog\AnyDirectory\TestWork\Flash Debug\Obj\stm32f4xx_gpio.o"
#        "C:\Prog\AnyDirectory\TestWork\Flash Debug\Obj\stm32f4xx_it.o"
#        "C:\Prog\AnyDirectory\TestWork\Flash Debug\Obj\stm32f4xx_rcc.o"
#        "C:\Prog\AnyDirectory\TestWork\Flash Debug\Obj\stm32f4xx_syscfg.o"
#        "C:\Prog\AnyDirectory\TestWork\Flash Debug\Obj\stm32f4xx_tim.o"
#        "C:\Prog\AnyDirectory\TestWork\Flash Debug\Obj\stm32f4xx_usart.o"
#        "C:\Prog\AnyDirectory\TestWork\Flash Debug\Obj\system_stm32f4xx.o"
#        "C:\Prog\AnyDirectory\TestWork\Flash Debug\Obj\tasks.o"
#        "C:\Prog\AnyDirectory\TestWork\Flash Debug\Obj\timers.o"
#        "C:\Prog\AnyDirectory\TestWork\Flash Debug\Obj\uartTest.o" --redirect
#        _Printf=_PrintfLarge --redirect _Scanf=_ScanfSmall --no_out_extension
#        -o "C:\Prog\AnyDirectory\TestWork\Flash Debug\Exe\testWork.out" --map
#        "C:\Prog\AnyDirectory\TestWork\Flash Debug\List\testWork.map" --config
#        C:\Prog\AnyDirectory\TestWork\config\stm32f4xx_flash.icf --semihosting
#        --entry __iar_program_start --redirect
#        __iar_sh_stdout=__iar_sh_stdout_swo --vfe --text_out locale)
#
###############################################################################

*******************************************************************************
*** RUNTIME MODEL ATTRIBUTES
***

CppFlavor                     = *
__CPP_Exceptions              = Disabled
__CPP_Language                = C++14
__Heap_Handler                = Basic
__SystemLibrary               = DLib
__dlib_dynamic_initialization = normal
__dlib_version                = 6


*******************************************************************************
*** HEAP SELECTION
***

The basic heap was selected because no calls to memory allocation
functions were found in the application outside of system library
functions, and there are calls to deallocation functions in the
application.


*******************************************************************************
*** PLACEMENT SUMMARY
***

"A0":  place at 0x800'0000 { ro section .intvec };
"P1":  place in [from 0x800'0000 to 0x80f'ffff] { ro };
define block CSTACK with size = 1K, alignment = 8 { };
define block HEAP with size = 512, alignment = 8 { };
"P2":  place in [from 0x2000'0000 to 0x2001'ffff] {
          rw, block CSTACK, block HEAP };
initialize by copy { rw };

  Section                Kind         Address     Size  Object
  -------                ----         -------     ----  ------
"A0":                                            0x188
  .intvec                ro code   0x800'0000    0x188  startup_stm32f4xx.o [1]
                                 - 0x800'0188    0x188

"P1":                                           0x53b4
  .text                  ro code   0x800'0188    0xeb0  tasks.o [1]
  .text                  ro code   0x800'1038    0x26c  heap_4.o [1]
  .text                  ro code   0x800'12a4     0x66  ABImemset.o [5]
  .text                  ro code   0x800'130a     0x82  list.o [1]
  .text                  ro code   0x800'138c    0x25c  port.o [1]
  .text                  ro code   0x800'15e8    0x378  timers.o [1]
  .text                  ro code   0x800'1960     0x38  main.o [1]
  CODE                   ro code   0x800'1998     0xb0  portasm.o [1]
  .text                  ro code   0x800'1a48    0x874  queue.o [1]
  .text                  ro code   0x800'22bc    0x124  system_stm32f4xx.o [1]
  .text                  ro code   0x800'23e0     0x88  misc.o [1]
  .text                  ro code   0x800'2468     0xa6  ABImemcpy.o [5]
  .text                  ro code   0x800'250e     0x7a  lz77_init_single.o [5]
  .text                  ro code   0x800'2588    0xc2e  xprintflarge.o [2]
  .text                  ro code   0x800'31b6     0x3a  zero_init3.o [5]
  .text                  ro code   0x800'31f0     0x6c  xlocale_c.o [2]
  .text                  ro code   0x800'325c     0x16  strchr.o [5]
  .text                  ro code   0x800'3272      0xa  xsprout.o [2]
  .text                  ro code   0x800'327c     0x40  xfail_s.o [2]
  .text                  ro code   0x800'32bc     0x36  strlen.o [5]
  .rodata                const     0x800'32f2      0x1  unwind_debug.o [6]
  .text                  ro code   0x800'32f4     0x58  memchr.o [5]
  .text                  ro code   0x800'334c    0x230  I64DivMod.o [5]
  .text                  ro code   0x800'357c    0x1a2  DblMul.o [4]
  .text                  ro code   0x800'3720     0x70  frexp.o [4]
  .text                  ro code   0x800'3790     0x2e  DblCmpLe.o [4]
  .text                  ro code   0x800'37c0    0x246  DblDiv.o [4]
  .text                  ro code   0x800'3a08     0x28  DblToU32.o [4]
  .text                  ro code   0x800'3a30     0x1a  U32ToDbl.o [4]
  .text                  ro code   0x800'3a4c     0xe2  DblSub.o [4]
  .text                  ro code   0x800'3b2e      0x6  abort.o [2]
  .text                  ro code   0x800'3b34      0x2  I64DivZer.o [5]
  .text                  ro code   0x800'3b38    0x16a  DblAdd.o [4]
  .text                  ro code   0x800'3ca4     0x14  exit.o [6]
  .text                  ro code   0x800'3cb8    0x474  uartTest.o [1]
  .text                  ro code   0x800'412c    0x138  event_groups.o [1]
  .text                  ro code   0x800'4264    0x184  stm32f4xx_dma.o [1]
  .text                  ro code   0x800'43e8    0x1da  stm32f4xx_usart.o [1]
  .text                  ro code   0x800'45c4    0x178  stm32f4xx_rcc.o [1]
  .text                  ro code   0x800'473c    0x12c  stm32f4xx_gpio.o [1]
  .text                  ro code   0x800'4868     0x4a  strcmp.o [5]
  .text                  ro code   0x800'48b4     0x48  FltToDbl.o [4]
  .text                  ro code   0x800'48fc     0x40  sprintf.o [2]
  .text                  ro code   0x800'493c     0x1e  strcat.o [2]
  .text                  ro code   0x800'495c    0x404  adcTest.o [1]
  .text                  ro code   0x800'4d60    0x246  stm32f4xx_adc.o [1]
  .text                  ro code   0x800'4fa8     0x68  DblToFlt.o [4]
  .text                  ro code   0x800'5010     0xce  stm32f4xx_tim.o [1]
  .text                  ro code   0x800'50e0     0xfc  ledTest.o [1]
  .rodata                const     0x800'51dc     0x34  uartTest.o [1]
  .text                  ro code   0x800'5210     0x28  data_init.o [5]
  .text                  ro code   0x800'5238     0x22  fpinit_M.o [4]
  .iar.init_table        const     0x800'525c     0x24  - Linker created -
  .text                  ro code   0x800'5280     0x20  cmain_call_ctors.o [5]
  .text                  ro code   0x800'52a0     0x18  cppinit.o [2]
  .text                  ro code   0x800'52b8     0x1e  cmain.o [5]
  .text                  ro code   0x800'52d6      0x4  low_level_init.o [2]
  .text                  ro code   0x800'52da      0x4  exit.o [2]
  .text                  ro code   0x800'52e0      0xa  cexit.o [5]
  .rodata                const     0x800'52ec     0x14  uartTest.o [1]
  .rodata                const     0x800'5300     0x10  adcTest.o [1]
  .rodata                const     0x800'5310     0x10  ledTest.o [1]
  .rodata                const     0x800'5320     0x10  uartTest.o [1]
  .text                  ro code   0x800'5330     0x10  startup_stm32f4xx.o [1]
  .text                  ro code   0x800'5340      0xc  stm32f4xx_it.o [1]
  .text                  ro code   0x800'534c      0xc  cstartup_M.o [5]
  .text                  ro code   0x800'5358      0xc  xencoding_8859_1.o [2]
  SHT$$PREINIT_ARRAY               0x800'5364      0x0  <Block>
  SHT$$INIT_ARRAY                  0x800'5364      0xc  <Block>
    .init_array          const     0x800'5364      0x4  adcTest.o [1]
    .init_array          const     0x800'5368      0x4  ledTest.o [1]
    .init_array          const     0x800'536c      0x4  uartTest.o [1]
  __iar_tls$$INIT_ARRAY            0x800'5370      0x0  <Block>
  .rodata                const     0x800'5370      0x8  tasks.o [1]
  .rodata                const     0x800'5378      0x8  timers.o [1]
  .rodata                const     0x800'5380      0x8  timers.o [1]
  .rodata                const     0x800'5388      0x8  uartTest.o [1]
  .rodata                const     0x800'5390      0x8  uartTest.o [1]
  .rodata                const     0x800'5398      0x8  uartTest.o [1]
  .rodata                const     0x800'53a0      0x8  uartTest.o [1]
  .rodata                const     0x800'53a8      0x8  uartTest.o [1]
  .rodata                const     0x800'53b0      0x6  xlocale_c.o [2]
  .rodata                const     0x800'53b8      0x4  heap_4.o [1]
  .rodata                const     0x800'53bc      0x4  port.o [1]
  .text                  ro code   0x800'53c0      0x4  startup_stm32f4xx.o [1]
  .text                  ro code   0x800'53c4      0x4  startup_stm32f4xx.o [1]
  .text                  ro code   0x800'53c8      0x4  startup_stm32f4xx.o [1]
  .text                  ro code   0x800'53cc      0x4  startup_stm32f4xx.o [1]
  .text                  ro code   0x800'53d0      0x4  startup_stm32f4xx.o [1]
  .text                  ro code   0x800'53d4      0x4  startup_stm32f4xx.o [1]
  .text                  ro code   0x800'53d8      0x4  startup_stm32f4xx.o [1]
  .text                  ro code   0x800'53dc      0x4  startup_stm32f4xx.o [1]
  .text                  ro code   0x800'53e0      0x4  startup_stm32f4xx.o [1]
  .text                  ro code   0x800'53e4      0x4  startup_stm32f4xx.o [1]
  .text                  ro code   0x800'53e8      0x4  startup_stm32f4xx.o [1]
  .text                  ro code   0x800'53ec      0x4  startup_stm32f4xx.o [1]
  .text                  ro code   0x800'53f0      0x4  startup_stm32f4xx.o [1]
  .text                  ro code   0x800'53f4      0x4  startup_stm32f4xx.o [1]
  .text                  ro code   0x800'53f8      0x4  startup_stm32f4xx.o [1]
  .text                  ro code   0x800'53fc      0x4  startup_stm32f4xx.o [1]
  .text                  ro code   0x800'5400      0x4  startup_stm32f4xx.o [1]
  .text                  ro code   0x800'5404      0x4  startup_stm32f4xx.o [1]
  .text                  ro code   0x800'5408      0x4  startup_stm32f4xx.o [1]
  .text                  ro code   0x800'540c      0x4  startup_stm32f4xx.o [1]
  .text                  ro code   0x800'5410      0x4  startup_stm32f4xx.o [1]
  .text                  ro code   0x800'5414      0x4  startup_stm32f4xx.o [1]
  .text                  ro code   0x800'5418      0x4  startup_stm32f4xx.o [1]
  .text                  ro code   0x800'541c      0x4  startup_stm32f4xx.o [1]
  .text                  ro code   0x800'5420      0x4  startup_stm32f4xx.o [1]
  .text                  ro code   0x800'5424      0x4  startup_stm32f4xx.o [1]
  .text                  ro code   0x800'5428      0x4  startup_stm32f4xx.o [1]
  .text                  ro code   0x800'542c      0x4  startup_stm32f4xx.o [1]
  .text                  ro code   0x800'5430      0x4  startup_stm32f4xx.o [1]
  .text                  ro code   0x800'5434      0x4  startup_stm32f4xx.o [1]
  .text                  ro code   0x800'5438      0x4  startup_stm32f4xx.o [1]
  .text                  ro code   0x800'543c      0x4  startup_stm32f4xx.o [1]
  .text                  ro code   0x800'5440      0x4  startup_stm32f4xx.o [1]
  .text                  ro code   0x800'5444      0x4  startup_stm32f4xx.o [1]
  .text                  ro code   0x800'5448      0x4  startup_stm32f4xx.o [1]
  .text                  ro code   0x800'544c      0x4  startup_stm32f4xx.o [1]
  .text                  ro code   0x800'5450      0x4  startup_stm32f4xx.o [1]
  .text                  ro code   0x800'5454      0x4  startup_stm32f4xx.o [1]
  .text                  ro code   0x800'5458      0x4  startup_stm32f4xx.o [1]
  .text                  ro code   0x800'545c      0x4  startup_stm32f4xx.o [1]
  .text                  ro code   0x800'5460      0x4  startup_stm32f4xx.o [1]
  .text                  ro code   0x800'5464      0x4  startup_stm32f4xx.o [1]
  .text                  ro code   0x800'5468      0x4  startup_stm32f4xx.o [1]
  .text                  ro code   0x800'546c      0x4  startup_stm32f4xx.o [1]
  .text                  ro code   0x800'5470      0x4  startup_stm32f4xx.o [1]
  .text                  ro code   0x800'5474      0x4  startup_stm32f4xx.o [1]
  .text                  ro code   0x800'5478      0x4  startup_stm32f4xx.o [1]
  .text                  ro code   0x800'547c      0x4  startup_stm32f4xx.o [1]
  .text                  ro code   0x800'5480      0x4  startup_stm32f4xx.o [1]
  .text                  ro code   0x800'5484      0x4  startup_stm32f4xx.o [1]
  .text                  ro code   0x800'5488      0x4  startup_stm32f4xx.o [1]
  .text                  ro code   0x800'548c      0x4  startup_stm32f4xx.o [1]
  .text                  ro code   0x800'5490      0x4  startup_stm32f4xx.o [1]
  .text                  ro code   0x800'5494      0x4  startup_stm32f4xx.o [1]
  .text                  ro code   0x800'5498      0x4  startup_stm32f4xx.o [1]
  .text                  ro code   0x800'549c      0x4  startup_stm32f4xx.o [1]
  .text                  ro code   0x800'54a0      0x4  startup_stm32f4xx.o [1]
  .text                  ro code   0x800'54a4      0x4  startup_stm32f4xx.o [1]
  .text                  ro code   0x800'54a8      0x4  startup_stm32f4xx.o [1]
  .text                  ro code   0x800'54ac      0x4  startup_stm32f4xx.o [1]
  .text                  ro code   0x800'54b0      0x4  startup_stm32f4xx.o [1]
  .text                  ro code   0x800'54b4      0x4  startup_stm32f4xx.o [1]
  .text                  ro code   0x800'54b8      0x4  startup_stm32f4xx.o [1]
  .text                  ro code   0x800'54bc      0x4  startup_stm32f4xx.o [1]
  .text                  ro code   0x800'54c0      0x4  startup_stm32f4xx.o [1]
  .text                  ro code   0x800'54c4      0x4  startup_stm32f4xx.o [1]
  .text                  ro code   0x800'54c8      0x4  startup_stm32f4xx.o [1]
  .text                  ro code   0x800'54cc      0x4  startup_stm32f4xx.o [1]
  .text                  ro code   0x800'54d0      0x4  startup_stm32f4xx.o [1]
  .text                  ro code   0x800'54d4      0x4  startup_stm32f4xx.o [1]
  .text                  ro code   0x800'54d8      0x4  startup_stm32f4xx.o [1]
  .text                  ro code   0x800'54dc      0x4  startup_stm32f4xx.o [1]
  .text                  ro code   0x800'54e0      0x4  startup_stm32f4xx.o [1]
  .text                  ro code   0x800'54e4      0x4  startup_stm32f4xx.o [1]
  .text                  ro code   0x800'54e8      0x4  startup_stm32f4xx.o [1]
  .text                  ro code   0x800'54ec      0x4  startup_stm32f4xx.o [1]
  .text                  ro code   0x800'54f0      0x4  startup_stm32f4xx.o [1]
  .text                  ro code   0x800'54f4      0x4  startup_stm32f4xx.o [1]
  .rodata                const     0x800'54f8      0x0  zero_init3.o [5]
  .rodata                const     0x800'54f8      0x0  lz77_init_single.o [5]
  Initializer bytes      const     0x800'54f8     0x44  <for P2-1>
                                 - 0x800'553c   0x53b4

"P2", part 1 of 3:                                0x9d
  P2-1                            0x2000'0000     0x9d  <Init block>
    .data                inited   0x2000'0000      0x4  port.o [1]
    .data                inited   0x2000'0004     0x10  stm32f4xx_rcc.o [1]
    .data                inited   0x2000'0014      0x4  system_stm32f4xx.o [1]
    .data                inited   0x2000'0018      0x4  tasks.o [1]
    .data                inited   0x2000'001c     0x38  xlocale_c.o [2]
    .data                inited   0x2000'0054     0x48  xlocale_c.o [2]
    .data                inited   0x2000'009c      0x1  adcTest.o [1]
                                - 0x2000'009d     0x9d

"P2", part 2 of 3:                             0x12ea0
  .bss                   zero     0x2000'00a0  0x12c00  heap_4.o [1]
  .bss                   zero     0x2001'2ca0     0x64  tasks.o [1]
  .bss                   zero     0x2001'2d04     0x64  uartTest.o [1]
  .bss                   zero     0x2001'2d68     0x64  uartTest.o [1]
  .bss                   zero     0x2001'2dcc     0x40  queue.o [1]
  .bss                   zero     0x2001'2e0c     0x14  adcTest.o [1]
  .bss                   zero     0x2001'2e20     0x14  tasks.o [1]
  .bss                   zero     0x2001'2e34     0x14  tasks.o [1]
  .bss                   zero     0x2001'2e48     0x14  tasks.o [1]
  .bss                   zero     0x2001'2e5c     0x14  tasks.o [1]
  .bss                   zero     0x2001'2e70     0x14  tasks.o [1]
  .bss                   zero     0x2001'2e84     0x14  timers.o [1]
  .bss                   zero     0x2001'2e98     0x14  timers.o [1]
  .bss                   zero     0x2001'2eac      0xc  adcTest.o [1]
  .bss                   zero     0x2001'2eb8      0x8  heap_4.o [1]
  .bss                   zero     0x2001'2ec0      0x4  adcTest.o [1]
  .bss                   zero     0x2001'2ec4      0x4  heap_4.o [1]
  .bss                   zero     0x2001'2ec8      0x4  heap_4.o [1]
  .bss                   zero     0x2001'2ecc      0x4  heap_4.o [1]
  .bss                   zero     0x2001'2ed0      0x4  heap_4.o [1]
  .bss                   zero     0x2001'2ed4      0x4  heap_4.o [1]
  .bss                   zero     0x2001'2ed8      0x4  port.o [1]
  .bss                   zero     0x2001'2edc      0x4  tasks.o [1]
  .bss                   zero     0x2001'2ee0      0x4  tasks.o [1]
  .bss                   zero     0x2001'2ee4      0x4  tasks.o [1]
  .bss                   zero     0x2001'2ee8      0x4  tasks.o [1]
  .bss                   zero     0x2001'2eec      0x4  tasks.o [1]
  .bss                   zero     0x2001'2ef0      0x4  tasks.o [1]
  .bss                   zero     0x2001'2ef4      0x4  tasks.o [1]
  .bss                   zero     0x2001'2ef8      0x4  tasks.o [1]
  .bss                   zero     0x2001'2efc      0x4  tasks.o [1]
  .bss                   zero     0x2001'2f00      0x4  tasks.o [1]
  .bss                   zero     0x2001'2f04      0x4  tasks.o [1]
  .bss                   zero     0x2001'2f08      0x4  tasks.o [1]
  .bss                   zero     0x2001'2f0c      0x4  tasks.o [1]
  .bss                   zero     0x2001'2f10      0x4  tasks.o [1]
  .bss                   zero     0x2001'2f14      0x4  tasks.o [1]
  .bss                   zero     0x2001'2f18      0x4  timers.o [1]
  .bss                   zero     0x2001'2f1c      0x4  timers.o [1]
  .bss                   zero     0x2001'2f20      0x4  timers.o [1]
  .bss                   zero     0x2001'2f24      0x4  timers.o [1]
  .bss                   zero     0x2001'2f28      0x4  timers.o [1]
  .bss                   zero     0x2001'2f2c      0x4  uartTest.o [1]
  .bss                   zero     0x2001'2f30      0x4  uartTest.o [1]
  .bss                   zero     0x2001'2f34      0x4  xfail_s.o [2]
  .bss                   zero     0x2001'2f38      0x1  adcTest.o [1]
  .bss                   zero     0x2001'2f39      0x1  ledTest.o [1]
  .bss                   zero     0x2001'2f3a      0x1  port.o [1]
  .bss                   zero     0x2001'2f3b      0x1  uartTest.o [1]
  .bss                   zero     0x2001'2f3c      0x1  uartTest.o [1]
                                - 0x2001'2f3d  0x12e9d

"P2", part 3 of 3:                               0x400
  CSTACK                          0x2001'2f40    0x400  <Block>
    CSTACK               uninit   0x2001'2f40    0x400  <Block tail>
                                - 0x2001'3340    0x400

Unused ranges:

         From           To      Size
         ----           --      ----
   0x800'553c   0x80f'ffff  0xf'aac4
  0x2000'009d  0x2000'009f       0x3
  0x2001'3340  0x2001'ffff    0xccc0


*******************************************************************************
*** INIT TABLE
***

          Address      Size
          -------      ----
Zero (__iar_zero_init3)
    1 destination range, total size 0x12e9d:
          0x2000'00a0  0x12e9d

Copy/lz77 (__iar_lz77_init_single3)
    1 source range, total size 0x44 (43% of destination):
           0x800'54f8     0x44
    1 destination range, total size 0x9d:
          0x2000'0000     0x9d

Extra (__iar_cstart_call_ctors)



*******************************************************************************
*** MODULE SUMMARY
***

    Module               ro code  ro data  rw data
    ------               -------  -------  -------
command line/config:
    ----------------------------------------------
    Total:

C:\Prog\AnyDirectory\TestWork\Flash Debug\Obj: [1]
    adcTest.o              1 028       21       38
    event_groups.o           312
    heap_4.o                 620        4   76 828
    ledTest.o                252       20        1
    list.o                   130
    main.o                    56
    misc.o                   136
    port.o                   604        5        9
    portasm.o                176
    queue.o                2 164                64
    startup_stm32f4xx.o      720
    stm32f4xx_adc.o          582
    stm32f4xx_dma.o          388
    stm32f4xx_gpio.o         300
    stm32f4xx_it.o            12
    stm32f4xx_rcc.o          376        7       16
    stm32f4xx_tim.o          206
    stm32f4xx_usart.o        474
    system_stm32f4xx.o       292        2        4
    tasks.o                3 760       10      264
    timers.o                 888       16       60
    uartTest.o             1 140      132      210
    ----------------------------------------------
    Total:                14 616      217   77 494

dl7M_tlf.a: [2]
    abort.o                    6
    cppinit.o                 24
    exit.o                     4
    low_level_init.o           4
    sprintf.o                 64
    strcat.o                  30
    xencoding_8859_1.o        12
    xfail_s.o                 64                 4
    xlocale_c.o              108       61      128
    xprintflarge.o         3 118
    xsprout.o                 10
    ----------------------------------------------
    Total:                 3 444       61      132

dlpp7M_tl_fc.a: [3]
    ----------------------------------------------
    Total:

m7M_tls.a: [4]
    DblAdd.o                 362
    DblCmpLe.o                46
    DblDiv.o                 582
    DblMul.o                 418
    DblSub.o                 226
    DblToFlt.o               104
    DblToU32.o                40
    FltToDbl.o                72
    U32ToDbl.o                26
    fpinit_M.o                34
    frexp.o                  112
    ----------------------------------------------
    Total:                 2 022

rt7M_tl.a: [5]
    ABImemcpy.o              166
    ABImemset.o              102
    I64DivMod.o              560
    I64DivZer.o                2
    cexit.o                   10
    cmain.o                   30
    cmain_call_ctors.o        32
    cstartup_M.o              12
    data_init.o               40
    lz77_init_single.o       122
    memchr.o                  88
    strchr.o                  22
    strcmp.o                  74
    strlen.o                  54
    zero_init3.o              58
    ----------------------------------------------
    Total:                 1 372

shb_l.a: [6]
    exit.o                    20
    unwind_debug.o                      1
    ----------------------------------------------
    Total:                    20        1

    Gaps                      25        6
    Linker created                     36    1 024
--------------------------------------------------
    Grand Total:          21 499      321   78 650


*******************************************************************************
*** ENTRY LIST
***

Entry                       Address     Size  Type      Object
-----                       -------     ----  ----      ------
.iar.init_table$$Base    0x800'525c            --   Gb  - Linker created -
.iar.init_table$$Limit   0x800'5280            --   Gb  - Linker created -
?main                    0x800'52b9           Code  Gb  cmain.o [5]
ADC_ClearITPendingBit    0x800'4f91     0x16  Code  Gb  stm32f4xx_adc.o [1]
ADC_Cmd                  0x800'4dcf     0x1c  Code  Gb  stm32f4xx_adc.o [1]
ADC_CommonInit           0x800'4dad     0x22  Code  Gb  stm32f4xx_adc.o [1]
ADC_EOCOnEachRegularChannelCmd
                         0x800'4f07     0x1c  Code  Gb  stm32f4xx_adc.o [1]
ADC_GetConversionValue   0x800'4f23      0x6  Code  Gb  stm32f4xx_adc.o [1]
ADC_GetITStatus          0x800'4f61     0x30  Code  Gb  stm32f4xx_adc.o [1]
ADC_IRQHandler           0x800'4d0b      0xa  Code  Gb  adcTest.o [1]
ADC_ITConfig             0x800'4f39     0x28  Code  Gb  stm32f4xx_adc.o [1]
ADC_Init                 0x800'4d61     0x4c  Code  Gb  stm32f4xx_adc.o [1]
ADC_RegularChannelConfig
                         0x800'4deb    0x11c  Code  Gb  stm32f4xx_adc.o [1]
APBAHBPrescTable        0x2000'0004     0x10  Data  Lc  stm32f4xx_rcc.o [1]
AdcTest::AdcInit()       0x800'4b49     0xd8  Code  Gb  adcTest.o [1]
AdcTest::AdcState       0x2000'009c      0x1  Data  Gb  adcTest.o [1]
AdcTest::AdcTest()       0x800'4999     0x3c  Code  Gb  adcTest.o [1]
AdcTest::IrqADC()        0x800'4ca5     0x66  Code  Gb  adcTest.o [1]
AdcTest::ProcessADCTask(void *)
                         0x800'49d5    0x174  Code  Gb  adcTest.o [1]
AdcTest::Tim3Init()      0x800'4c21     0x84  Code  Gb  adcTest.o [1]
BusFault_Handler         0x800'5347      0x2  Code  Gb  stm32f4xx_it.o [1]
CSTACK$$Base            0x2001'2f40            --   Gb  - Linker created -
CSTACK$$Limit           0x2001'3340            --   Gb  - Linker created -
CacheMore                0x800'31f1     0x24  Code  Lc  xlocale_c.o [2]
DMA1_Stream3_IRQHandler
                         0x800'4027     0x1c  Code  Gb  uartTest.o [1]
DMA_ClearFlag            0x800'42f7     0x20  Code  Gb  stm32f4xx_dma.o [1]
DMA_ClearITPendingBit    0x800'43b1     0x20  Code  Gb  stm32f4xx_dma.o [1]
DMA_Cmd                  0x800'42b9     0x1c  Code  Gb  stm32f4xx_dma.o [1]
DMA_GetCmdStatus         0x800'42e3     0x14  Code  Gb  stm32f4xx_dma.o [1]
DMA_GetCurrDataCounter   0x800'42dd      0x6  Code  Gb  stm32f4xx_dma.o [1]
DMA_GetITStatus          0x800'435d     0x54  Code  Gb  stm32f4xx_dma.o [1]
DMA_ITConfig             0x800'4317     0x46  Code  Gb  stm32f4xx_dma.o [1]
DMA_Init                 0x800'4265     0x54  Code  Gb  stm32f4xx_dma.o [1]
DMA_SetCurrDataCounter   0x800'42d5      0x8  Code  Gb  stm32f4xx_dma.o [1]
DebugMon_Handler         0x800'534b      0x2  Code  Gb  stm32f4xx_it.o [1]
GPIO_Init                0x800'473d     0xca  Code  Gb  stm32f4xx_gpio.o [1]
GPIO_PinAFConfig         0x800'4807     0x62  Code  Gb  stm32f4xx_gpio.o [1]
HardFault_Handler        0x800'5343      0x2  Code  Gb  stm32f4xx_it.o [1]
LedTest::LedTest()       0x800'50eb     0x4e  Code  Gb  ledTest.o [1]
LedTest::ProcessLedTask(void *)
                         0x800'5139     0x8c  Code  Gb  ledTest.o [1]
LoadInt                  0x800'273b     0x7a  Code  Lc  xprintflarge.o [2]
MemManage_Handler        0x800'5345      0x2  Code  Gb  stm32f4xx_it.o [1]
NMI_Handler              0x800'5341      0x2  Code  Gb  stm32f4xx_it.o [1]
NVIC_Init                0x800'23eb     0x68  Code  Gb  misc.o [1]
NVIC_PriorityGroupConfig
                         0x800'23e1      0xa  Code  Gb  misc.o [1]
PendSV_Handler           0x800'1999           Code  Gb  portasm.o [1]
RCC_AHB1PeriphClockCmd   0x800'46c7     0x1c  Code  Gb  stm32f4xx_rcc.o [1]
RCC_APB1PeriphClockCmd   0x800'46e3     0x1c  Code  Gb  stm32f4xx_rcc.o [1]
RCC_APB2PeriphClockCmd   0x800'46ff     0x1c  Code  Gb  stm32f4xx_rcc.o [1]
RCC_GetClocksFreq        0x800'45c5    0x102  Code  Gb  stm32f4xx_rcc.o [1]
Region$$Table$$Base      0x800'525c            --   Gb  - Linker created -
Region$$Table$$Limit     0x800'5280            --   Gb  - Linker created -
SHT$$INIT_ARRAY$$Base    0x800'5364            --   Gb  - Linker created -
SHT$$INIT_ARRAY$$Limit   0x800'5370            --   Gb  - Linker created -
SHT$$PREINIT_ARRAY$$Base
                         0x800'5364            --   Gb  - Linker created -
SHT$$PREINIT_ARRAY$$Limit
                         0x800'5364            --   Gb  - Linker created -
SVC_Handler              0x800'19f1           Code  Gb  portasm.o [1]
SetSysClock              0x800'2303     0xaa  Code  Lc  system_stm32f4xx.o [1]
SysTick_Handler          0x800'150d     0x28  Code  Gb  port.o [1]
SystemCoreClock         0x2000'0014      0x4  Data  Gb  system_stm32f4xx.o [1]
SystemInit               0x800'22bd     0x46  Code  Gb  system_stm32f4xx.o [1]
TIM_Cmd                  0x800'5093     0x1e  Code  Gb  stm32f4xx_tim.o [1]
TIM_SelectOutputTrigger
                         0x800'50cd     0x12  Code  Gb  stm32f4xx_tim.o [1]
TIM_TimeBaseInit         0x800'5011     0x6a  Code  Gb  stm32f4xx_tim.o [1]
TIM_TimeBaseStructInit   0x800'507b     0x18  Code  Gb  stm32f4xx_tim.o [1]
USART3_IRQHandler        0x800'4043     0x80  Code  Gb  uartTest.o [1]
USART_ClearFlag          0x800'45b3     0x10  Code  Gb  stm32f4xx_usart.o [1]
USART_Cmd                0x800'44cd     0x1e  Code  Gb  stm32f4xx_usart.o [1]
USART_DMACmd             0x800'450f     0x18  Code  Gb  stm32f4xx_usart.o [1]
USART_GetFlagStatus      0x800'4597     0x1c  Code  Gb  stm32f4xx_usart.o [1]
USART_ITConfig           0x800'4527     0x70  Code  Gb  stm32f4xx_usart.o [1]
USART_Init               0x800'43e9     0xd6  Code  Gb  stm32f4xx_usart.o [1]
USART_OverSampling8Cmd   0x800'44eb     0x1c  Code  Gb  stm32f4xx_usart.o [1]
USART_ReceiveData        0x800'4507      0x8  Code  Gb  stm32f4xx_usart.o [1]
UartTest::InitUART()     0x800'3dcf    0x1a4  Code  Gb  uartTest.o [1]
UartTest::ProcessCommand()
                         0x800'3f73     0xb4  Code  Gb  uartTest.o [1]
UartTest::ProcessUARTRxTask(void *)
                         0x800'3d39     0x1c  Code  Gb  uartTest.o [1]
UartTest::UartTest()     0x800'3cf5     0x42  Code  Gb  uartTest.o [1]
UartTest::UartTx(unsigned char *, unsigned short)
                         0x800'3d55     0x7a  Code  Gb  uartTest.o [1]
UsageFault_Handler       0x800'5349      0x2  Code  Gb  stm32f4xx_it.o [1]
[local to adcTest_cpp]::__NVIC_SetPriority(IRQn, unsigned int)
                         0x800'4969     0x30  Code  Lc  adcTest.o [1]
[local to uartTest_cpp]::__NVIC_SetPriority(IRQn, unsigned int)
                         0x800'3cc5     0x30  Code  Lc  uartTest.o [1]
_Encoding_8859_1_Mbrlen
                         0x800'5359      0x2  Code  Gb  xencoding_8859_1.o [2]
_GenldLarge              0x800'2ecd    0x24c  Code  Lc  xprintflarge.o [2]
_LdtobLarge              0x800'2c67    0x23e  Code  Lc  xprintflarge.o [2]
_LitobLarge              0x800'2b0f    0x112  Code  Lc  xprintflarge.o [2]
_Locale_lconv           0x2000'001c     0x38  Data  Lc  xlocale_c.o [2]
_PrintfLarge             0x800'2589    0x1ac  Code  Gb  xprintflarge.o [2]
_PutcharsLarge           0x800'3119     0x2e  Code  Lc  xprintflarge.o [2]
_PutfldLarge             0x800'27b5    0x264  Code  Lc  xprintflarge.o [2]
_PuttxtLarge             0x800'2a19     0xf6  Code  Lc  xprintflarge.o [2]
_SProut                  0x800'3273      0xa  Code  Gb  xsprout.o [2]
__aeabi_cdcmple          0x800'3791           Code  Gb  DblCmpLe.o [4]
__aeabi_d2f              0x800'4fa9           Code  Gb  DblToFlt.o [4]
__aeabi_d2uiz            0x800'3a09           Code  Gb  DblToU32.o [4]
__aeabi_ddiv             0x800'37c1           Code  Gb  DblDiv.o [4]
__aeabi_dmul             0x800'357d           Code  Gb  DblMul.o [4]
__aeabi_dsub             0x800'3a4d           Code  Gb  DblSub.o [4]
__aeabi_f2d              0x800'48b5           Code  Gb  FltToDbl.o [4]
__aeabi_ldiv0            0x800'3b35           Code  Gb  I64DivZer.o [5]
__aeabi_memcpy           0x800'2469           Code  Gb  ABImemcpy.o [5]
__aeabi_memcpy4          0x800'2489           Code  Gb  ABImemcpy.o [5]
__aeabi_memcpy8          0x800'2489           Code  Gb  ABImemcpy.o [5]
__aeabi_memset           0x800'12a5           Code  Gb  ABImemset.o [5]
__aeabi_ui2d             0x800'3a31           Code  Gb  U32ToDbl.o [4]
__aeabi_uldivmod         0x800'334d           Code  Gb  I64DivMod.o [5]
__call_ctors             0x800'52a1     0x18  Code  Gb  cppinit.o [2]
__cmain                  0x800'52b9           Code  Gb  cmain.o [5]
__exit                   0x800'3ca5     0x14  Code  Gb  exit.o [6]
__iar_Fail_s             0x800'327d     0x1c  Code  Gb  xfail_s.o [2]
__iar_Memchr             0x800'32f5           Code  Gb  memchr.o [5]
__iar_Memset             0x800'12a5           Code  Gb  ABImemset.o [5]
__iar_Memset_word        0x800'12ad           Code  Gb  ABImemset.o [5]
__iar_Strchr             0x800'325d           Code  Gb  strchr.o [5]
__iar_cstart_call_ctors
                         0x800'5281     0x20  Code  Gb  cmain_call_ctors.o [5]
__iar_dadd               0x800'3a5d           Code  Gb  DblSub.o [4]
__iar_data_init3         0x800'5211     0x28  Code  Gb  data_init.o [5]
__iar_debug_exceptions   0x800'32f2      0x1  Data  Gb  unwind_debug.o [6]
__iar_dsub               0x800'3b39           Code  Gb  DblAdd.o [4]
__iar_dsubStart          0x800'3b4b           Code  Gb  DblAdd.o [4]
__iar_frexp              0x800'372d           Code  Gb  frexp.o [4]
__iar_frexpl             0x800'372d           Code  Gb  frexp.o [4]
__iar_globLocale        0x2000'0054     0x48  Data  Lc  xlocale_c.o [2]
__iar_init_vfp           0x800'5239           Code  Gb  fpinit_M.o [4]
__iar_lz77_init_single3
                         0x800'250f     0x7a  Code  Gb  lz77_init_single.o [5]
__iar_program_start      0x800'534d           Code  Gb  cstartup_M.o [5]
__iar_softfp___iar_frexp64
                         0x800'3721           Code  Gb  frexp.o [4]
__iar_softfp_frexp       0x800'3721           Code  Gb  frexp.o [4]
__iar_softfp_frexpl      0x800'3721           Code  Gb  frexp.o [4]
__iar_tls$$INIT_ARRAY$$Base
                         0x800'5370            --   Gb  - Linker created -
__iar_tls$$INIT_ARRAY$$Limit
                         0x800'5370            --   Gb  - Linker created -
__iar_zero_init3         0x800'31b7     0x3a  Code  Gb  zero_init3.o [5]
__low_level_init         0x800'52d7      0x4  Code  Gb  low_level_init.o [2]
__sti__routine           0x800'495d      0xc  Code  Lc  adcTest.o [1]
__sti__routine           0x800'50e1      0xa  Code  Lc  ledTest.o [1]
__sti__routine           0x800'3cb9      0xc  Code  Lc  uartTest.o [1]
__vector_table           0x800'0000           Data  Gb  startup_stm32f4xx.o [1]
_call_main               0x800'52c5           Code  Gb  cmain.o [5]
_exit                    0x800'52e1           Code  Gb  cexit.o [5]
_gLocale_mblen           0x800'324d      0x4  Code  Gb  xlocale_c.o [2]
_gLocale_mblenInt        0x800'3215     0x2c  Code  Gb  xlocale_c.o [2]
_main                    0x800'52d3           Code  Gb  cmain.o [5]
abort                    0x800'3b2f      0x6  Code  Gb  abort.o [2]
adcTest                 0x2001'2f38      0x1  Data  Gb  adcTest.o [1]
avrgArray               0x2001'2e0c     0x14  Data  Gb  adcTest.o [1]
exit                     0x800'52db      0x4  Code  Gb  exit.o [2]
ledTest                 0x2001'2f39      0x1  Data  Gb  ledTest.o [1]
localeconv               0x800'3251      0x4  Code  Gb  xlocale_c.o [2]
main                     0x800'1961     0x14  Code  Gb  main.o [1]
memchr                   0x800'32f5           Code  Gb  memchr.o [5]
pcInterruptPriorityRegisters
                         0x800'53bc      0x4  Data  Lc  port.o [1]
prvAddCurrentTaskToDelayedList
                         0x800'0f65     0xa6  Code  Lc  tasks.o [1]
prvAddNewTaskToReadyList
                         0x800'02e7     0xc0  Code  Lc  tasks.o [1]
prvCheckForValidListAndQueue
                         0x800'18f1     0x46  Code  Lc  timers.o [1]
prvCheckTasksWaitingTermination
                         0x800'0bc1     0x3e  Code  Lc  tasks.o [1]
prvCopyDataFromQueue     0x800'2153     0x36  Code  Lc  queue.o [1]
prvCopyDataToQueue       0x800'20b7     0x9c  Code  Lc  queue.o [1]
prvDeleteTCB             0x800'0c09     0x12  Code  Lc  tasks.o [1]
prvGetDisinheritPriorityAfterTimeout
                         0x800'20a1     0x16  Code  Lc  queue.o [1]
prvGetNextExpireTime     0x800'1721     0x26  Code  Lc  timers.o [1]
prvHeapInit              0x800'11cd     0x5a  Code  Lc  heap_4.o [1]
prvIdleTask              0x800'0b41     0x28  Code  Lc  tasks.o [1]
prvInitialiseNewQueue    0x800'1b7f     0x36  Code  Lc  queue.o [1]
prvInitialiseNewTask     0x800'0207     0xe0  Code  Lc  tasks.o [1]
prvInitialiseTaskLists   0x800'0b6d     0x54  Code  Lc  tasks.o [1]
prvInsertBlockIntoFreeList
                         0x800'1227     0x5e  Code  Lc  heap_4.o [1]
prvInsertTimerInActiveList
                         0x800'176d     0x50  Code  Lc  timers.o [1]
prvIsQueueEmpty          0x800'21f7     0x1c  Code  Lc  queue.o [1]
prvProcessExpiredTimer   0x800'1659     0x3c  Code  Lc  timers.o [1]
prvProcessReceivedCommands
                         0x800'17bd    0x108  Code  Lc  timers.o [1]
prvProcessTimerOrBlockTask
                         0x800'16b3     0x6e  Code  Lc  timers.o [1]
prvReloadTimer           0x800'1631     0x28  Code  Lc  timers.o [1]
prvResetNextTaskUnblockTime
                         0x800'0c1b     0x22  Code  Lc  tasks.o [1]
prvSampleTimeNow         0x800'1747     0x26  Code  Lc  timers.o [1]
prvSampleTimeNow::xLastTime
                        0x2001'2f28      0x4  Data  Lc  timers.o [1]
prvSwitchTimerLists      0x800'18c5     0x2c  Code  Lc  timers.o [1]
prvTaskExitError         0x800'13b5     0x2a  Code  Lc  port.o [1]
prvTimerTask             0x800'1699     0x1a  Code  Lc  timers.o [1]
prvUnlockQueue           0x800'2189     0x6e  Code  Lc  queue.o [1]
pvPortMalloc             0x800'1039    0x11e  Code  Gb  heap_4.o [1]
pvTaskIncrementMutexHeldCount
                         0x800'0f1d     0x16  Code  Gb  tasks.o [1]
pxCurrentTCB            0x2001'2edc      0x4  Data  Gb  tasks.o [1]
pxCurrentTimerList      0x2001'2f18      0x4  Data  Lc  timers.o [1]
pxDelayedTaskList       0x2001'2ee0      0x4  Data  Lc  tasks.o [1]
pxEnd                   0x2001'2ec4      0x4  Data  Lc  heap_4.o [1]
pxOverflowDelayedTaskList
                        0x2001'2ee4      0x4  Data  Lc  tasks.o [1]
pxOverflowTimerList     0x2001'2f1c      0x4  Data  Lc  timers.o [1]
pxPortInitialiseStack    0x800'138d     0x28  Code  Gb  port.o [1]
pxReadyTasksLists       0x2001'2ca0     0x64  Data  Lc  tasks.o [1]
res_val                 0x2001'2eac      0xc  Data  Gb  adcTest.o [1]
rx_buffer               0x2001'2d68     0x64  Data  Gb  uartTest.o [1]
scale                    0x800'2c21     0x46  Code  Lc  xprintflarge.o [2]
sec_hand                0x2001'2f34      0x4  Data  Lc  xfail_s.o [2]
sprintf                  0x800'48fd     0x40  Code  Gb  sprintf.o [2]
strcat                   0x800'493d     0x1e  Code  Gb  strcat.o [2]
strchr                   0x800'325d           Code  Gb  strchr.o [5]
strcmp                   0x800'4869           Code  Gb  strcmp.o [5]
strlen                   0x800'32bd           Code  Gb  strlen.o [5]
tx_buffer               0x2001'2d04     0x64  Data  Gb  uartTest.o [1]
uartTest                0x2001'2f3c      0x1  Data  Gb  uartTest.o [1]
uart_ready              0x2001'2f3b      0x1  Data  Gb  uartTest.o [1]
ucHeap                  0x2000'00a0  0x12c00  Data  Lc  heap_4.o [1]
ucMaxSysCallPriority    0x2001'2f3a      0x1  Data  Lc  port.o [1]
ulMaxPRIGROUPValue      0x2001'2ed8      0x4  Data  Lc  port.o [1]
uxCriticalNesting       0x2000'0000      0x4  Data  Lc  port.o [1]
uxCurrentNumberOfTasks  0x2001'2eec      0x4  Data  Lc  tasks.o [1]
uxDeletedTasksWaitingCleanUp
                        0x2001'2ee8      0x4  Data  Lc  tasks.o [1]
uxListRemove             0x800'1365     0x28  Code  Gb  list.o [1]
uxSchedulerSuspended    0x2001'2f14      0x4  Data  Lc  tasks.o [1]
uxTaskGetNumberOfTasks   0x800'05c1      0x6  Code  Gb  tasks.o [1]
uxTaskNumber            0x2001'2f08      0x4  Data  Lc  tasks.o [1]
uxTopReadyPriority      0x2001'2ef4      0x4  Data  Lc  tasks.o [1]
uxTopUsedPriority       0x2000'0018      0x4  Data  Gb  tasks.o [1]
vApplicationIdleHook     0x800'1987      0x2  Code  Gb  main.o [1]
vApplicationMallocFailedHook
                         0x800'1977     0x10  Code  Gb  main.o [1]
vApplicationStackOverflowHook
                         0x800'1989     0x10  Code  Gb  main.o [1]
vApplicationTickHook     0x800'1975      0x2  Code  Gb  main.o [1]
vListInitialise          0x800'130b     0x1e  Code  Gb  list.o [1]
vListInitialiseItem      0x800'1329      0x6  Code  Gb  list.o [1]
vListInsert              0x800'132f     0x36  Code  Gb  list.o [1]
vPortEnableVFP           0x800'1a2d           Code  Gb  portasm.o [1]
vPortEnterCritical       0x800'14ad     0x34  Code  Gb  port.o [1]
vPortExitCritical        0x800'14e1     0x2c  Code  Gb  port.o [1]
vPortFree                0x800'1157     0x76  Code  Gb  heap_4.o [1]
vPortStartFirstTask      0x800'1a0d           Code  Gb  portasm.o [1]
vPortValidateInterruptPriority
                         0x800'1535     0x4e  Code  Gb  port.o [1]
vQueueAddToRegistry      0x800'2213     0x5a  Code  Gb  queue.o [1]
vQueueWaitForMessageRestricted
                         0x800'2271     0x4c  Code  Gb  queue.o [1]
vTaskDelay               0x800'03a7     0x4e  Code  Gb  tasks.o [1]
vTaskInternalSetTimeOutState
                         0x800'0a95     0x12  Code  Gb  tasks.o [1]
vTaskMissedYield         0x800'0b39      0x8  Code  Gb  tasks.o [1]
vTaskPlaceOnEventList    0x800'0823     0x34  Code  Gb  tasks.o [1]
vTaskPlaceOnEventListRestricted
                         0x800'0861     0x58  Code  Gb  tasks.o [1]
vTaskPriorityDisinheritAfterTimeout
                         0x800'0e01    0x116  Code  Gb  tasks.o [1]
vTaskRemoveFromUnorderedEventList
                         0x800'09b9     0xdc  Code  Gb  tasks.o [1]
vTaskStartScheduler      0x800'03f5     0x76  Code  Gb  tasks.o [1]
vTaskSuspendAll          0x800'046b      0xc  Code  Gb  tasks.o [1]
vTaskSwitchContext       0x800'0781     0xa2  Code  Gb  tasks.o [1]
xActiveTimerList1       0x2001'2e84     0x14  Data  Lc  timers.o [1]
xActiveTimerList2       0x2001'2e98     0x14  Data  Lc  timers.o [1]
xDelayedTaskList1       0x2001'2e20     0x14  Data  Lc  tasks.o [1]
xDelayedTaskList2       0x2001'2e34     0x14  Data  Lc  tasks.o [1]
xEventGroup             0x2001'2f30      0x4  Data  Gb  uartTest.o [1]
xEventGroupClearBits     0x800'4149     0x46  Code  Gb  event_groups.o [1]
xEventGroupCreate        0x800'412d     0x1c  Code  Gb  event_groups.o [1]
xEventGroupSetBits       0x800'418f     0xd6  Code  Gb  event_groups.o [1]
xFreeBytesRemaining     0x2001'2ec8      0x4  Data  Lc  heap_4.o [1]
xHeapStructSize          0x800'53b8      0x4  Data  Lc  heap_4.o [1]
xIdleTaskHandle         0x2001'2f10      0x4  Data  Lc  tasks.o [1]
xMinimumEverFreeBytesRemaining
                        0x2001'2ecc      0x4  Data  Lc  heap_4.o [1]
xNextTaskUnblockTime    0x2001'2f0c      0x4  Data  Lc  tasks.o [1]
xNumOfOverflows         0x2001'2f04      0x4  Data  Lc  tasks.o [1]
xNumberOfSuccessfulAllocations
                        0x2001'2ed0      0x4  Data  Lc  heap_4.o [1]
xNumberOfSuccessfulFrees
                        0x2001'2ed4      0x4  Data  Lc  heap_4.o [1]
xPendedTicks            0x2001'2efc      0x4  Data  Lc  tasks.o [1]
xPendingReadyList       0x2001'2e48     0x14  Data  Lc  tasks.o [1]
xPortStartScheduler      0x800'13df     0xce  Code  Gb  port.o [1]
xQueueADC               0x2001'2ec0      0x4  Data  Gb  adcTest.o [1]
xQueueGenericCreate      0x800'1b13     0x6c  Code  Gb  queue.o [1]
xQueueGenericReset       0x800'1a49     0xca  Code  Gb  queue.o [1]
xQueueGenericSendFromISR
                         0x800'1bb5    0x108  Code  Gb  queue.o [1]
xQueueGiveFromISR        0x800'1cbd     0xe8  Code  Gb  queue.o [1]
xQueueReceive            0x800'1da5    0x16a  Code  Gb  queue.o [1]
xQueueRegistry          0x2001'2dcc     0x40  Data  Gb  queue.o [1]
xQueueSemaphoreTake      0x800'1f0f    0x18e  Code  Gb  queue.o [1]
xSchedulerRunning       0x2001'2ef8      0x4  Data  Lc  tasks.o [1]
xSemaphore              0x2001'2f2c      0x4  Data  Gb  uartTest.o [1]
xStart                  0x2001'2eb8      0x8  Data  Lc  heap_4.o [1]
xSuspendedTaskList      0x2001'2e70     0x14  Data  Lc  tasks.o [1]
xTaskCheckForTimeOut     0x800'0aa7     0x92  Code  Gb  tasks.o [1]
xTaskCreate              0x800'0189     0x7e  Code  Gb  tasks.o [1]
xTaskGetSchedulerState   0x800'0c45     0x20  Code  Gb  tasks.o [1]
xTaskGetTickCount        0x800'05b9      0x8  Code  Gb  tasks.o [1]
xTaskIncrementTick       0x800'05e1    0x19a  Code  Gb  tasks.o [1]
xTaskPriorityDisinherit
                         0x800'0d3d     0xc0  Code  Gb  tasks.o [1]
xTaskPriorityInherit     0x800'0c69     0xd4  Code  Gb  tasks.o [1]
xTaskRemoveFromEventList
                         0x800'08c1     0xf8  Code  Gb  tasks.o [1]
xTaskResumeAll           0x800'0477    0x142  Code  Gb  tasks.o [1]
xTasksWaitingTermination
                        0x2001'2e5c     0x14  Data  Lc  tasks.o [1]
xTickCount              0x2001'2ef0      0x4  Data  Lc  tasks.o [1]
xTimerCreateTimerTask    0x800'15e9     0x48  Code  Gb  timers.o [1]
xTimerQueue             0x2001'2f20      0x4  Data  Lc  timers.o [1]
xTimerTaskHandle        0x2001'2f24      0x4  Data  Lc  timers.o [1]
xYieldPending           0x2001'2f00      0x4  Data  Lc  tasks.o [1]


[1] = C:\Prog\AnyDirectory\TestWork\Flash Debug\Obj
[2] = dl7M_tlf.a
[3] = dlpp7M_tl_fc.a
[4] = m7M_tls.a
[5] = rt7M_tl.a
[6] = shb_l.a

  21 499 bytes of readonly  code memory
     321 bytes of readonly  data memory
  78 650 bytes of readwrite data memory

Errors: none
Warnings: none
